Archive member included to satisfy reference by file (symbol)

/home/selim/.eclipse/com.st.stm32cube.ide.mcu.rcp.product_1.3.0_17665241_linux_gtk_x86_64/plugins/com.st.stm32cube.ide.mcu.externaltools.gnu-tools-for-stm32.7-2018-q2-update.linux64_1.4.0.202007081208/tools/bin/../lib/gcc/arm-none-eabi/7.3.1/../../../../arm-none-eabi/lib/thumb/v7e-m/fpv5/hard/libc_nano.a(lib_a-exit.o)
                              /home/selim/.eclipse/com.st.stm32cube.ide.mcu.rcp.product_1.3.0_17665241_linux_gtk_x86_64/plugins/com.st.stm32cube.ide.mcu.externaltools.gnu-tools-for-stm32.7-2018-q2-update.linux64_1.4.0.202007081208/tools/bin/../lib/gcc/arm-none-eabi/7.3.1/../../../../arm-none-eabi/lib/thumb/v7e-m/fpv5/hard/crt0.o (exit)
/home/selim/.eclipse/com.st.stm32cube.ide.mcu.rcp.product_1.3.0_17665241_linux_gtk_x86_64/plugins/com.st.stm32cube.ide.mcu.externaltools.gnu-tools-for-stm32.7-2018-q2-update.linux64_1.4.0.202007081208/tools/bin/../lib/gcc/arm-none-eabi/7.3.1/../../../../arm-none-eabi/lib/thumb/v7e-m/fpv5/hard/libc_nano.a(lib_a-impure.o)
                              /home/selim/.eclipse/com.st.stm32cube.ide.mcu.rcp.product_1.3.0_17665241_linux_gtk_x86_64/plugins/com.st.stm32cube.ide.mcu.externaltools.gnu-tools-for-stm32.7-2018-q2-update.linux64_1.4.0.202007081208/tools/bin/../lib/gcc/arm-none-eabi/7.3.1/../../../../arm-none-eabi/lib/thumb/v7e-m/fpv5/hard/libc_nano.a(lib_a-exit.o) (_global_impure_ptr)
/home/selim/.eclipse/com.st.stm32cube.ide.mcu.rcp.product_1.3.0_17665241_linux_gtk_x86_64/plugins/com.st.stm32cube.ide.mcu.externaltools.gnu-tools-for-stm32.7-2018-q2-update.linux64_1.4.0.202007081208/tools/bin/../lib/gcc/arm-none-eabi/7.3.1/../../../../arm-none-eabi/lib/thumb/v7e-m/fpv5/hard/libc_nano.a(lib_a-init.o)
                              /home/selim/.eclipse/com.st.stm32cube.ide.mcu.rcp.product_1.3.0_17665241_linux_gtk_x86_64/plugins/com.st.stm32cube.ide.mcu.externaltools.gnu-tools-for-stm32.7-2018-q2-update.linux64_1.4.0.202007081208/tools/bin/../lib/gcc/arm-none-eabi/7.3.1/../../../../arm-none-eabi/lib/thumb/v7e-m/fpv5/hard/crt0.o (__libc_init_array)
/home/selim/.eclipse/com.st.stm32cube.ide.mcu.rcp.product_1.3.0_17665241_linux_gtk_x86_64/plugins/com.st.stm32cube.ide.mcu.externaltools.gnu-tools-for-stm32.7-2018-q2-update.linux64_1.4.0.202007081208/tools/bin/../lib/gcc/arm-none-eabi/7.3.1/../../../../arm-none-eabi/lib/thumb/v7e-m/fpv5/hard/libc_nano.a(lib_a-malloc.o)
                              Src/N5110_LCD/N5110_lcd.o (malloc)
/home/selim/.eclipse/com.st.stm32cube.ide.mcu.rcp.product_1.3.0_17665241_linux_gtk_x86_64/plugins/com.st.stm32cube.ide.mcu.externaltools.gnu-tools-for-stm32.7-2018-q2-update.linux64_1.4.0.202007081208/tools/bin/../lib/gcc/arm-none-eabi/7.3.1/../../../../arm-none-eabi/lib/thumb/v7e-m/fpv5/hard/libc_nano.a(lib_a-memset.o)
                              /home/selim/.eclipse/com.st.stm32cube.ide.mcu.rcp.product_1.3.0_17665241_linux_gtk_x86_64/plugins/com.st.stm32cube.ide.mcu.externaltools.gnu-tools-for-stm32.7-2018-q2-update.linux64_1.4.0.202007081208/tools/bin/../lib/gcc/arm-none-eabi/7.3.1/../../../../arm-none-eabi/lib/thumb/v7e-m/fpv5/hard/crt0.o (memset)
/home/selim/.eclipse/com.st.stm32cube.ide.mcu.rcp.product_1.3.0_17665241_linux_gtk_x86_64/plugins/com.st.stm32cube.ide.mcu.externaltools.gnu-tools-for-stm32.7-2018-q2-update.linux64_1.4.0.202007081208/tools/bin/../lib/gcc/arm-none-eabi/7.3.1/../../../../arm-none-eabi/lib/thumb/v7e-m/fpv5/hard/libc_nano.a(lib_a-nano-freer.o)
                              /home/selim/.eclipse/com.st.stm32cube.ide.mcu.rcp.product_1.3.0_17665241_linux_gtk_x86_64/plugins/com.st.stm32cube.ide.mcu.externaltools.gnu-tools-for-stm32.7-2018-q2-update.linux64_1.4.0.202007081208/tools/bin/../lib/gcc/arm-none-eabi/7.3.1/../../../../arm-none-eabi/lib/thumb/v7e-m/fpv5/hard/libc_nano.a(lib_a-malloc.o) (_free_r)
/home/selim/.eclipse/com.st.stm32cube.ide.mcu.rcp.product_1.3.0_17665241_linux_gtk_x86_64/plugins/com.st.stm32cube.ide.mcu.externaltools.gnu-tools-for-stm32.7-2018-q2-update.linux64_1.4.0.202007081208/tools/bin/../lib/gcc/arm-none-eabi/7.3.1/../../../../arm-none-eabi/lib/thumb/v7e-m/fpv5/hard/libc_nano.a(lib_a-nano-mallocr.o)
                              /home/selim/.eclipse/com.st.stm32cube.ide.mcu.rcp.product_1.3.0_17665241_linux_gtk_x86_64/plugins/com.st.stm32cube.ide.mcu.externaltools.gnu-tools-for-stm32.7-2018-q2-update.linux64_1.4.0.202007081208/tools/bin/../lib/gcc/arm-none-eabi/7.3.1/../../../../arm-none-eabi/lib/thumb/v7e-m/fpv5/hard/libc_nano.a(lib_a-malloc.o) (_malloc_r)
/home/selim/.eclipse/com.st.stm32cube.ide.mcu.rcp.product_1.3.0_17665241_linux_gtk_x86_64/plugins/com.st.stm32cube.ide.mcu.externaltools.gnu-tools-for-stm32.7-2018-q2-update.linux64_1.4.0.202007081208/tools/bin/../lib/gcc/arm-none-eabi/7.3.1/../../../../arm-none-eabi/lib/thumb/v7e-m/fpv5/hard/libc_nano.a(lib_a-sbrkr.o)
[...]
Memory Configuration

Name             Origin             Length             Attributes
DTCMRAM          0x0000000020000000 0x0000000000020000 xrw
RAM_D1           0x0000000024000000 0x0000000000080000 xrw
RAM_D2           0x0000000030000000 0x0000000000048000 xrw
RAM_D3           0x0000000038000000 0x0000000000010000 xrw
ITCMRAM          0x0000000000000000 0x0000000000010000 xrw
FLASH            0x0000000008000000 0x0000000000200000 xr
*default*        0x0000000000000000 0xffffffffffffffff

Linker script and memory map

LOAD /home/selim/.eclipse/com.st.stm32cube.ide.mcu.rcp.product_1.3.0_17665241_linux_gtk_x86_64/plugins/com.st.stm32cube.ide.mcu.externaltools.gnu-tools-for-stm32.7-2018-q2-update.linux64_1.4.0.202007081208/tools/bin/../lib/gcc/arm-none-eabi/7.3.1/thumb/v7e-m/fpv5/hard/crti.o
LOAD /home/selim/.eclipse/com.st.stm32cube.ide.mcu.rcp.product_1.3.0_17665241_linux_gtk_x86_64/plugins/com.st.stm32cube.ide.mcu.externaltools.gnu-tools-for-stm32.7-2018-q2-update.linux64_1.4.0.202007081208/tools/bin/../lib/gcc/arm-none-eabi/7.3.1/thumb/v7e-m/fpv5/hard/crtbegin.o
LOAD /home/selim/.eclipse/com.st.stm32cube.ide.mcu.rcp.product_1.3.0_17665241_linux_gtk_x86_64/plugins/com.st.stm32cube.ide.mcu.externaltools.gnu-tools-for-stm32.7-2018-q2-update.linux64_1.4.0.202007081208/tools/bin/../lib/gcc/arm-none-eabi/7.3.1/../../../../arm-none-eabi/lib/thumb/v7e-m/fpv5/hard/crt0.o
LOAD Drivers/STM32H7xx_HAL_Driver/Src/stm32h7xx_hal.o
LOAD Drivers/STM32H7xx_HAL_Driver/Src/stm32h7xx_hal_cortex.o
LOAD Drivers/STM32H7xx_HAL_Driver/Src/stm32h7xx_hal_dma.o
LOAD Drivers/STM32H7xx_HAL_Driver/Src/stm32h7xx_hal_dma_ex.o
LOAD Drivers/STM32H7xx_HAL_Driver/Src/stm32h7xx_hal_eth.o
LOAD Drivers/STM32H7xx_HAL_Driver/Src/stm32h7xx_hal_flash.o
LOAD Drivers/STM32H7xx_HAL_Driver/Src/stm32h7xx_hal_flash_ex.o
LOAD Drivers/STM32H7xx_HAL_Driver/Src/stm32h7xx_hal_gpio.o
LOAD Drivers/STM32H7xx_HAL_Driver/Src/stm32h7xx_hal_hsem.o
LOAD Drivers/STM32H7xx_HAL_Driver/Src/stm32h7xx_hal_i2c.o
LOAD Drivers/STM32H7xx_HAL_Driver/Src/stm32h7xx_hal_i2c_ex.o
LOAD Drivers/STM32H7xx_HAL_Driver/Src/stm32h7xx_hal_mdma.o
LOAD Drivers/STM32H7xx_HAL_Driver/Src/stm32h7xx_hal_pcd.o
LOAD Drivers/STM32H7xx_HAL_Driver/Src/stm32h7xx_hal_pcd_ex.o
LOAD Drivers/STM32H7xx_HAL_Driver/Src/stm32h7xx_hal_pwr.o
LOAD Drivers/STM32H7xx_HAL_Driver/Src/stm32h7xx_hal_pwr_ex.o
LOAD Drivers/STM32H7xx_HAL_Driver/Src/stm32h7xx_hal_rcc.o
LOAD Drivers/STM32H7xx_HAL_Driver/Src/stm32h7xx_hal_rcc_ex.o
LOAD Drivers/STM32H7xx_HAL_Driver/Src/stm32h7xx_hal_spi.o
LOAD Drivers/STM32H7xx_HAL_Driver/Src/stm32h7xx_hal_spi_ex.o
LOAD Drivers/STM32H7xx_HAL_Driver/Src/stm32h7xx_hal_tim.o
LOAD Drivers/STM32H7xx_HAL_Driver/Src/stm32h7xx_hal_tim_ex.o
LOAD Drivers/STM32H7xx_HAL_Driver/Src/stm32h7xx_hal_uart.o
LOAD Drivers/STM32H7xx_HAL_Driver/Src/stm32h7xx_hal_uart_ex.o
LOAD Drivers/STM32H7xx_HAL_Driver/Src/stm32h7xx_ll_usb.o
LOAD Src/N5110_LCD/N5110_lcd.o
LOAD Src/N5110_LCD/fonts/font20.o
LOAD Src/N5110_LCD/fonts/font24.o
LOAD Src/N5110_LCD/fonts/fontMenlo32.o
LOAD Src/dma.o
LOAD Src/eth.o
LOAD Src/gpio.o
LOAD Src/main.o
LOAD Src/spi.o
LOAD Src/stm32h7xx_hal_msp.o
LOAD Src/stm32h7xx_it.o
LOAD Src/system_stm32h7xx.o
LOAD Src/usart.o
LOAD Src/usb_otg.o
LOAD startup/startup_stm32h743xx.o
START GROUP
LOAD /home/selim/.eclipse/com.st.stm32cube.ide.mcu.rcp.product_1.3.0_17665241_linux_gtk_x86_64/plugins/com.st.stm32cube.ide.mcu.externaltools.gnu-tools-for-stm32.7-2018-q2-update.linux64_1.4.0.202007081208/tools/bin/../lib/gcc/arm-none-eabi/7.3.1/../../../../arm-none-eabi/lib/thumb/v7e-m/fpv5/hard/libc_nano.a
LOAD /home/selim/.eclipse/com.st.stm32cube.ide.mcu.rcp.product_1.3.0_17665241_linux_gtk_x86_64/plugins/com.st.stm32cube.ide.mcu.externaltools.gnu-tools-for-stm32.7-2018-q2-update.linux64_1.4.0.202007081208/tools/bin/../lib/gcc/arm-none-eabi/7.3.1/../../../../arm-none-eabi/lib/thumb/v7e-m/fpv5/hard/libm.a
END GROUP
START GROUP
LOAD /home/selim/.eclipse/com.st.stm32cube.ide.mcu.rcp.product_1.3.0_17665241_linux_gtk_x86_64/plugins/com.st.stm32cube.ide.mcu.externaltools.gnu-tools-for-stm32.7-2018-q2-update.linux64_1.4.0.202007081208/tools/bin/../lib/gcc/arm-none-eabi/7.3.1/thumb/v7e-m/fpv5/hard/libgcc.a
LOAD /home/selim/.eclipse/com.st.stm32cube.ide.mcu.rcp.product_1.3.0_17665241_linux_gtk_x86_64/plugins/com.st.stm32cube.ide.mcu.externaltools.gnu-tools-for-stm32.7-2018-q2-update.linux64_1.4.0.202007081208/tools/bin/../lib/gcc/arm-none-eabi/7.3.1/../../../../arm-none-eabi/lib/thumb/v7e-m/fpv5/hard/libc_nano.a
END GROUP
START GROUP
LOAD /home/selim/.eclipse/com.st.stm32cube.ide.mcu.rcp.product_1.3.0_17665241_linux_gtk_x86_64/plugins/com.st.stm32cube.ide.mcu.externaltools.gnu-tools-for-stm32.7-2018-q2-update.linux64_1.4.0.202007081208/tools/bin/../lib/gcc/arm-none-eabi/7.3.1/thumb/v7e-m/fpv5/hard/libgcc.a
LOAD /home/selim/.eclipse/com.st.stm32cube.ide.mcu.rcp.product_1.3.0_17665241_linux_gtk_x86_64/plugins/com.st.stm32cube.ide.mcu.externaltools.gnu-tools-for-stm32.7-2018-q2-update.linux64_1.4.0.202007081208/tools/bin/../lib/gcc/arm-none-eabi/7.3.1/../../../../arm-none-eabi/lib/thumb/v7e-m/fpv5/hard/libc_nano.a
LOAD /home/selim/.eclipse/com.st.stm32cube.ide.mcu.rcp.product_1.3.0_17665241_linux_gtk_x86_64/plugins/com.st.stm32cube.ide.mcu.externaltools.gnu-tools-for-stm32.7-2018-q2-update.linux64_1.4.0.202007081208/tools/bin/../lib/gcc/arm-none-eabi/7.3.1/../../../../arm-none-eabi/lib/thumb/v7e-m/fpv5/hard/libnosys.a
END GROUP
START GROUP
LOAD /home/selim/.eclipse/com.st.stm32cube.ide.mcu.rcp.product_1.3.0_17665241_linux_gtk_x86_64/plugins/com.st.stm32cube.ide.mcu.externaltools.gnu-tools-for-stm32.7-2018-q2-update.linux64_1.4.0.202007081208/tools/bin/../lib/gcc/arm-none-eabi/7.3.1/thumb/v7e-m/fpv5/hard/libgcc.a
LOAD /home/selim/.eclipse/com.st.stm32cube.ide.mcu.rcp.product_1.3.0_17665241_linux_gtk_x86_64/plugins/com.st.stm32cube.ide.mcu.externaltools.gnu-tools-for-stm32.7-2018-q2-update.linux64_1.4.0.202007081208/tools/bin/../lib/gcc/arm-none-eabi/7.3.1/../../../../arm-none-eabi/lib/thumb/v7e-m/fpv5/hard/libc_nano.a
LOAD /home/selim/.eclipse/com.st.stm32cube.ide.mcu.rcp.product_1.3.0_17665241_linux_gtk_x86_64/plugins/com.st.stm32cube.ide.mcu.externaltools.gnu-tools-for-stm32.7-2018-q2-update.linux64_1.4.0.202007081208/tools/bin/../lib/gcc/arm-none-eabi/7.3.1/../../../../arm-none-eabi/lib/thumb/v7e-m/fpv5/hard/libnosys.a
END GROUP
LOAD /home/selim/.eclipse/com.st.stm32cube.ide.mcu.rcp.product_1.3.0_17665241_linux_gtk_x86_64/plugins/com.st.stm32cube.ide.mcu.externaltools.gnu-tools-for-stm32.7-2018-q2-update.linux64_1.4.0.202007081208/tools/bin/../lib/gcc/arm-none-eabi/7.3.1/thumb/v7e-m/fpv5/hard/crtend.o
LOAD /home/selim/.eclipse/com.st.stm32cube.ide.mcu.rcp.product_1.3.0_17665241_linux_gtk_x86_64/plugins/com.st.stm32cube.ide.mcu.externaltools.gnu-tools-for-stm32.7-2018-q2-update.linux64_1.4.0.202007081208/tools/bin/../lib/gcc/arm-none-eabi/7.3.1/thumb/v7e-m/fpv5/hard/crtn.o
                0x0000000020020000                _estack = 0x20020000
                0x0000000000000200                _Min_Heap_Size = 0x200
                0x0000000000000400                _Min_Stack_Size = 0x400

.isr_vector     0x0000000008000000      0x298
                0x0000000008000000                . = ALIGN (0x4)
 *(.isr_vector)
 .isr_vector    0x0000000008000000      0x298 startup/startup_stm32h743xx.o
                0x0000000008000000                g_pfnVectors
                0x0000000008000298                . = ALIGN (0x4)

.text           0x0000000008000298     0x5504
                0x0000000008000298                . = ALIGN (0x4)
 *(.text)
 .text          0x0000000008000298       0x40 /home/selim/.eclipse/com.st.stm32cube.ide.mcu.rcp.product_1.3.0_17665241_linux_gtk_x86_64/plugins/com.st.stm32cube.ide.mcu.externaltools.gnu-tools-for-stm32.7-2018-q2-update.linux64_1.4.0.202007081208/tools/bin/../lib/gcc/arm-none-eabi/7.3.1/thumb/v7e-m/fpv5/hard/crtbegin.o
 .text          0x00000000080002d8       0x30 /home/selim/.eclipse/com.st.stm32cube.ide.mcu.rcp.product_1.3.0_17665241_linux_gtk_x86_64/plugins/com.st.stm32cube.ide.mcu.externaltools.gnu-tools-for-stm32.7-2018-q2-update.linux64_1.4.0.202007081208/tools/bin/../lib/gcc/arm-none-eabi/7.3.1/thumb/v7e-m/fpv5/hard/libgcc.a(_aeabi_uldivmod.o)
                0x00000000080002d8                __aeabi_uldivmod
 .text          0x0000000008000308      0x2cc /home/selim/.eclipse/com.st.stm32cube.ide.mcu.rcp.product_1.3.0_17665241_linux_gtk_x86_64/plugins/com.st.stm32cube.ide.mcu.externaltools.gnu-tools-for-stm32.7-2018-q2-update.linux64_1.4.0.202007081208/tools/bin/../lib/gcc/arm-none-eabi/7.3.1/thumb/v7e-m/fpv5/hard/libgcc.a(_udivmoddi4.o)
                0x0000000008000308                __udivmoddi4
 .text          0x00000000080005d4        0x4 /home/selim/.eclipse/com.st.stm32cube.ide.mcu.rcp.product_1.3.0_17665241_linux_gtk_x86_64/plugins/com.st.stm32cube.ide.mcu.externaltools.gnu-tools-for-stm32.7-2018-q2-update.linux64_1.4.0.202007081208/tools/bin/../lib/gcc/arm-none-eabi/7.3.1/thumb/v7e-m/fpv5/hard/libgcc.a(_dvmd_tls.o)
                0x00000000080005d4                __aeabi_ldiv0
                0x00000000080005d4                __aeabi_idiv0
 *(.text*)
 .text.HAL_InitTick
                0x00000000080005d8       0x4c Drivers/STM32H7xx_HAL_Driver/Src/stm32h7xx_hal.o
                0x00000000080005d8                HAL_InitTick
 .text.HAL_Init
                0x0000000008000624       0x1e Drivers/STM32H7xx_HAL_Driver/Src/stm32h7xx_hal.o
                0x0000000008000624                HAL_Init
 *fill*         0x0000000008000642        0x2 
 .text.HAL_IncTick
                0x0000000008000644       0x18 Drivers/STM32H7xx_HAL_Driver/Src/stm32h7xx_hal.o
                0x0000000008000644                HAL_IncTick
 .text.HAL_GetTick
                0x000000000800065c        0xc Drivers/STM32H7xx_HAL_Driver/Src/stm32h7xx_hal.o
                0x000000000800065c                HAL_GetTick
 .text.HAL_Delay
                0x0000000008000668       0x28 Drivers/STM32H7xx_HAL_Driver/Src/stm32h7xx_hal.o
                0x0000000008000668                HAL_Delay
 .text.HAL_SYSCFG_ETHInterfaceSelect
                0x0000000008000690       0x14 Drivers/STM32H7xx_HAL_Driver/Src/stm32h7xx_hal.o
                0x0000000008000690                HAL_SYSCFG_ETHInterfaceSelect
 .text.HAL_NVIC_SetPriorityGrouping
                0x00000000080006a4       0x24 Drivers/STM32H7xx_HAL_Driver/Src/stm32h7xx_hal_cortex.o
                0x00000000080006a4                HAL_NVIC_SetPriorityGrouping
 .text.HAL_NVIC_SetPriority
                0x00000000080006c8       0x60 Drivers/STM32H7xx_HAL_Driver/Src/stm32h7xx_hal_cortex.o
                0x00000000080006c8                HAL_NVIC_SetPriority
 .text.HAL_NVIC_EnableIRQ
                0x0000000008000728       0x1c Drivers/STM32H7xx_HAL_Driver/Src/stm32h7xx_hal_cortex.o
                0x0000000008000728                HAL_NVIC_EnableIRQ
 .text.HAL_SYSTICK_Config
                0x0000000008000744       0x2c Drivers/STM32H7xx_HAL_Driver/Src/stm32h7xx_hal_cortex.o
                0x0000000008000744                HAL_SYSTICK_Config
 .text.HAL_SYSTICK_CLKSourceConfig
                0x0000000008000770       0x20 Drivers/STM32H7xx_HAL_Driver/Src/stm32h7xx_hal_cortex.o
                0x0000000008000770                HAL_SYSTICK_CLKSourceConfig
 .text.HAL_SYSTICK_Callback
                0x0000000008000790        0x2 Drivers/STM32H7xx_HAL_Driver/Src/stm32h7xx_hal_cortex.o
                0x0000000008000790                HAL_SYSTICK_Callback
 .text.HAL_SYSTICK_IRQHandler
                0x0000000008000792        0x8 Drivers/STM32H7xx_HAL_Driver/Src/stm32h7xx_hal_cortex.o
                0x0000000008000792                HAL_SYSTICK_IRQHandler
 *fill*         0x000000000800079a        0x2 
 .text.DMA_SetConfig
                0x000000000800079c       0x94 Drivers/STM32H7xx_HAL_Driver/Src/stm32h7xx_hal_dma.o
 .text.DMA_CalcBaseAndBitshift
                0x0000000008000830       0x38 Drivers/STM32H7xx_HAL_Driver/Src/stm32h7xx_hal_dma.o
 .text.DMA_CheckFifoParam
                0x0000000008000868       0x92 Drivers/STM32H7xx_HAL_Driver/Src/stm32h7xx_hal_dma.o
 *fill*         0x00000000080008fa        0x2 
 .text.DMA_CalcDMAMUXChannelBaseAndMask
                0x00000000080008fc       0x78 Drivers/STM32H7xx_HAL_Driver/Src/stm32h7xx_hal_dma.o
 .text.DMA_CalcDMAMUXRequestGenBaseAndMask
                0x0000000008000974       0x50 Drivers/STM32H7xx_HAL_Driver/Src/stm32h7xx_hal_dma.o
 .text.HAL_DMA_Init
                0x00000000080009c4      0x1ac Drivers/STM32H7xx_HAL_Driver/Src/stm32h7xx_hal_dma.o
                0x00000000080009c4                HAL_DMA_Init
 .text.HAL_DMA_Start_IT
                0x0000000008000b70       0xfc Drivers/STM32H7xx_HAL_Driver/Src/stm32h7xx_hal_dma.o
                0x0000000008000b70                HAL_DMA_Start_IT
 .text.HAL_DMA_Abort_IT
                0x0000000008000c6c       0xb4 Drivers/STM32H7xx_HAL_Driver/Src/stm32h7xx_hal_dma.o
                0x0000000008000c6c                HAL_DMA_Abort_IT
 .text.HAL_DMA_IRQHandler
                0x0000000008000d20      0x340 Drivers/STM32H7xx_HAL_Driver/Src/stm32h7xx_hal_dma.o
                0x0000000008000d20                HAL_DMA_IRQHandler
 .text.HAL_DMA_GetError
                0x0000000008001060        0x4 Drivers/STM32H7xx_HAL_Driver/Src/stm32h7xx_hal_dma.o
                0x0000000008001060                HAL_DMA_GetError
 .text.ETH_SetMACConfig
                0x0000000008001064      0x1b0 Drivers/STM32H7xx_HAL_Driver/Src/stm32h7xx_hal_eth.o
 .text.ETH_SetDMAConfig
                0x0000000008001214       0x98 Drivers/STM32H7xx_HAL_Driver/Src/stm32h7xx_hal_eth.o
 .text.ETH_MACDMAConfig
                0x00000000080012ac       0xdc Drivers/STM32H7xx_HAL_Driver/Src/stm32h7xx_hal_eth.o
 .text.ETH_DMATxDescListInit
                0x0000000008001388       0x64 Drivers/STM32H7xx_HAL_Driver/Src/stm32h7xx_hal_eth.o
 .text.ETH_DMARxDescListInit
                0x00000000080013ec       0x82 Drivers/STM32H7xx_HAL_Driver/Src/stm32h7xx_hal_eth.o
 *fill*         0x000000000800146e        0x2 
 .text.ETH_MAC_MDIO_ClkConfig
                0x0000000008001470       0x78 Drivers/STM32H7xx_HAL_Driver/Src/stm32h7xx_hal_eth.o
 .text.HAL_ETH_Init
                0x00000000080014e8      0x13c Drivers/STM32H7xx_HAL_Driver/Src/stm32h7xx_hal_eth.o
                0x00000000080014e8                HAL_ETH_Init
 .text.HAL_GPIO_Init
                0x0000000008001624      0x1ec Drivers/STM32H7xx_HAL_Driver/Src/stm32h7xx_hal_gpio.o
                0x0000000008001624                HAL_GPIO_Init
 .text.HAL_GPIO_WritePin
                0x0000000008001810        0xa Drivers/STM32H7xx_HAL_Driver/Src/stm32h7xx_hal_gpio.o
                0x0000000008001810                HAL_GPIO_WritePin
 .text.HAL_PCD_Init
                0x000000000800181a       0xfc Drivers/STM32H7xx_HAL_Driver/Src/stm32h7xx_hal_pcd.o
                0x000000000800181a                HAL_PCD_Init
 *fill*         0x0000000008001916        0x2 
 .text.HAL_PCDEx_ActivateLPM
                0x0000000008001918       0x28 Drivers/STM32H7xx_HAL_Driver/Src/stm32h7xx_hal_pcd_ex.o
                0x0000000008001918                HAL_PCDEx_ActivateLPM
 .text.HAL_PCDEx_ActivateBCD
                0x0000000008001940       0x1c Drivers/STM32H7xx_HAL_Driver/Src/stm32h7xx_hal_pcd_ex.o
                0x0000000008001940                HAL_PCDEx_ActivateBCD
 .text.HAL_RCC_OscConfig
                0x000000000800195c      0x58c Drivers/STM32H7xx_HAL_Driver/Src/stm32h7xx_hal_rcc.o
                0x000000000800195c                HAL_RCC_OscConfig
 .text.HAL_RCC_GetSysClockFreq
                0x0000000008001ee8      0x1cc Drivers/STM32H7xx_HAL_Driver/Src/stm32h7xx_hal_rcc.o
                0x0000000008001ee8                HAL_RCC_GetSysClockFreq
 .text.HAL_RCC_ClockConfig
                0x00000000080020b4      0x1f0 Drivers/STM32H7xx_HAL_Driver/Src/stm32h7xx_hal_rcc.o
                0x00000000080020b4                HAL_RCC_ClockConfig
 .text.HAL_RCC_GetHCLKFreq
                0x00000000080022a4       0x34 Drivers/STM32H7xx_HAL_Driver/Src/stm32h7xx_hal_rcc.o
                0x00000000080022a4                HAL_RCC_GetHCLKFreq
 .text.HAL_RCC_GetPCLK1Freq
                0x00000000080022d8       0x2c Drivers/STM32H7xx_HAL_Driver/Src/stm32h7xx_hal_rcc.o
                0x00000000080022d8                HAL_RCC_GetPCLK1Freq
 .text.HAL_RCC_GetPCLK2Freq
                0x0000000008002304       0x2c Drivers/STM32H7xx_HAL_Driver/Src/stm32h7xx_hal_rcc.o
                0x0000000008002304                HAL_RCC_GetPCLK2Freq
 .text.RCCEx_PLL2_Config
                0x0000000008002330       0xe8 Drivers/STM32H7xx_HAL_Driver/Src/stm32h7xx_hal_rcc_ex.o
 .text.RCCEx_PLL3_Config
                0x0000000008002418       0xe8 Drivers/STM32H7xx_HAL_Driver/Src/stm32h7xx_hal_rcc_ex.o
 .text.HAL_RCCEx_PeriphCLKConfig
                0x0000000008002500      0x96c Drivers/STM32H7xx_HAL_Driver/Src/stm32h7xx_hal_rcc_ex.o
                0x0000000008002500                HAL_RCCEx_PeriphCLKConfig
 .text.HAL_RCCEx_GetD3PCLK1Freq
                0x0000000008002e6c       0x2c Drivers/STM32H7xx_HAL_Driver/Src/stm32h7xx_hal_rcc_ex.o
                0x0000000008002e6c                HAL_RCCEx_GetD3PCLK1Freq
 .text.HAL_RCCEx_GetPLL2ClockFreq
                0x0000000008002e98      0x1c8 Drivers/STM32H7xx_HAL_Driver/Src/stm32h7xx_hal_rcc_ex.o
                0x0000000008002e98                HAL_RCCEx_GetPLL2ClockFreq
 .text.HAL_RCCEx_GetPLL3ClockFreq
                0x0000000008003060      0x1c8 Drivers/STM32H7xx_HAL_Driver/Src/stm32h7xx_hal_rcc_ex.o
                0x0000000008003060                HAL_RCCEx_GetPLL3ClockFreq
 .text.HAL_RCCEx_GetD1SysClockFreq
                0x0000000008003228       0x34 Drivers/STM32H7xx_HAL_Driver/Src/stm32h7xx_hal_rcc_ex.o
                0x0000000008003228                HAL_RCCEx_GetD1SysClockFreq
 .text.SPI_CloseTransfer
                0x000000000800325c       0xd0 Drivers/STM32H7xx_HAL_Driver/Src/stm32h7xx_hal_spi.o
 .text.SPI_GetPacketSize
                0x000000000800332c       0x10 Drivers/STM32H7xx_HAL_Driver/Src/stm32h7xx_hal_spi.o
 .text.SPI_WaitOnFlagUntilTimeout
                0x000000000800333c       0x46 Drivers/STM32H7xx_HAL_Driver/Src/stm32h7xx_hal_spi.o
 *fill*         0x0000000008003382        0x2 
 .text.HAL_SPI_Init
                0x0000000008003384      0x150 Drivers/STM32H7xx_HAL_Driver/Src/stm32h7xx_hal_spi.o
                0x0000000008003384                HAL_SPI_Init
 .text.HAL_SPI_Transmit
                0x00000000080034d4      0x2b0 Drivers/STM32H7xx_HAL_Driver/Src/stm32h7xx_hal_spi.o
                0x00000000080034d4                HAL_SPI_Transmit
 .text.HAL_SPI_Transmit_DMA
                0x0000000008003784      0x1a0 Drivers/STM32H7xx_HAL_Driver/Src/stm32h7xx_hal_spi.o
                0x0000000008003784                HAL_SPI_Transmit_DMA
 .text.HAL_SPI_TxCpltCallback
                0x0000000008003924        0x2 Drivers/STM32H7xx_HAL_Driver/Src/stm32h7xx_hal_spi.o
                0x0000000008003924                HAL_SPI_TxCpltCallback
 .text.SPI_DMATransmitCplt
                0x0000000008003926       0x2a Drivers/STM32H7xx_HAL_Driver/Src/stm32h7xx_hal_spi.o
 .text.HAL_SPI_RxCpltCallback
                0x0000000008003950        0x2 Drivers/STM32H7xx_HAL_Driver/Src/stm32h7xx_hal_spi.o
                0x0000000008003950                HAL_SPI_RxCpltCallback
 .text.HAL_SPI_TxRxCpltCallback
                0x0000000008003952        0x2 Drivers/STM32H7xx_HAL_Driver/Src/stm32h7xx_hal_spi.o
                0x0000000008003952                HAL_SPI_TxRxCpltCallback
 .text.HAL_SPI_TxHalfCpltCallback
                0x0000000008003954        0x2 Drivers/STM32H7xx_HAL_Driver/Src/stm32h7xx_hal_spi.o
                0x0000000008003954                HAL_SPI_TxHalfCpltCallback
 .text.SPI_DMAHalfTransmitCplt
                0x0000000008003956        0xa Drivers/STM32H7xx_HAL_Driver/Src/stm32h7xx_hal_spi.o
 .text.HAL_SPI_ErrorCallback
                0x0000000008003960        0x2 Drivers/STM32H7xx_HAL_Driver/Src/stm32h7xx_hal_spi.o
                0x0000000008003960                HAL_SPI_ErrorCallback
 .text.SPI_DMAError
                0x0000000008003962       0x2c Drivers/STM32H7xx_HAL_Driver/Src/stm32h7xx_hal_spi.o
 *fill*         0x000000000800398e        0x2 
 .text.HAL_SPI_IRQHandler
                0x0000000008003990      0x22c Drivers/STM32H7xx_HAL_Driver/Src/stm32h7xx_hal_spi.o
                0x0000000008003990                HAL_SPI_IRQHandler
 .text.SPI_DMAAbortOnError
                0x0000000008003bbc       0x1a Drivers/STM32H7xx_HAL_Driver/Src/stm32h7xx_hal_spi.o
 *fill*         0x0000000008003bd6        0x2 
 .text.UART_SetConfig
                0x0000000008003bd8      0x908 Drivers/STM32H7xx_HAL_Driver/Src/stm32h7xx_hal_uart.o
                0x0000000008003bd8                UART_SetConfig
 .text.UART_AdvFeatureConfig
                0x00000000080044e0       0xca Drivers/STM32H7xx_HAL_Driver/Src/stm32h7xx_hal_uart.o
                0x00000000080044e0                UART_AdvFeatureConfig
 .text.UART_WaitOnFlagUntilTimeout
                0x00000000080045aa       0x64 Drivers/STM32H7xx_HAL_Driver/Src/stm32h7xx_hal_uart.o
                0x00000000080045aa                UART_WaitOnFlagUntilTimeout
 .text.UART_CheckIdleState
                0x000000000800460e       0x70 Drivers/STM32H7xx_HAL_Driver/Src/stm32h7xx_hal_uart.o
                0x000000000800460e                UART_CheckIdleState
 .text.HAL_UART_Init
                0x000000000800467e       0x68 Drivers/STM32H7xx_HAL_Driver/Src/stm32h7xx_hal_uart.o
                0x000000000800467e                HAL_UART_Init
 *fill*         0x00000000080046e6        0x2 
 .text.USB_CoreInit
                0x00000000080046e8       0x7c Drivers/STM32H7xx_HAL_Driver/Src/stm32h7xx_ll_usb.o
                0x00000000080046e8                USB_CoreInit
 .text.USB_DisableGlobalInt
                0x0000000008004764        0xc Drivers/STM32H7xx_HAL_Driver/Src/stm32h7xx_ll_usb.o
                0x0000000008004764                USB_DisableGlobalInt
 .text.USB_SetCurrentMode
                0x0000000008004770       0x2c Drivers/STM32H7xx_HAL_Driver/Src/stm32h7xx_ll_usb.o
                0x0000000008004770                USB_SetCurrentMode
 .text.USB_DevInit
                0x000000000800479c      0x15c Drivers/STM32H7xx_HAL_Driver/Src/stm32h7xx_ll_usb.o
                0x000000000800479c                USB_DevInit
 .text.USB_FlushTxFifo
                0x00000000080048f8       0x28 Drivers/STM32H7xx_HAL_Driver/Src/stm32h7xx_ll_usb.o
                0x00000000080048f8                USB_FlushTxFifo
 .text.USB_FlushRxFifo
                0x0000000008004920       0x24 Drivers/STM32H7xx_HAL_Driver/Src/stm32h7xx_ll_usb.o
                0x0000000008004920                USB_FlushRxFifo
 .text.USB_SetDevSpeed
                0x0000000008004944        0xe Drivers/STM32H7xx_HAL_Driver/Src/stm32h7xx_ll_usb.o
                0x0000000008004944                USB_SetDevSpeed
 .text.USB_DevDisconnect
                0x0000000008004952       0x18 Drivers/STM32H7xx_HAL_Driver/Src/stm32h7xx_ll_usb.o
                0x0000000008004952                USB_DevDisconnect
 *fill*         0x000000000800496a        0x2 
 .text.USB_CoreReset
                0x000000000800496c       0x3c Drivers/STM32H7xx_HAL_Driver/Src/stm32h7xx_ll_usb.o
 .text.AT_N5110LCD_write_buffer
                0x00000000080049a8       0x22 Src/N5110_LCD/N5110_lcd.o
 .text.AT_N5110LCD_write_buffer_dma
                0x00000000080049ca        0xe Src/N5110_LCD/N5110_lcd.o
 .text.AT_N5110LCD_set_reset
                0x00000000080049d8        0xc Src/N5110_LCD/N5110_lcd.o
 .text.AT_N5110LCD_clear_reset
                0x00000000080049e4        0xc Src/N5110_LCD/N5110_lcd.o
 .text.AT_N5110LCD_reset_duration
                0x00000000080049f0       0x30 Src/N5110_LCD/N5110_lcd.o
 .text.AT_N5110LCD_send_data
                0x0000000008004a20       0x22 Src/N5110_LCD/N5110_lcd.o
 .text.AT_N5110LCD_send_command
                0x0000000008004a42       0x22 Src/N5110_LCD/N5110_lcd.o
 .text.AT_N5110LCD_clear
                0x0000000008004a64       0x1a Src/N5110_LCD/N5110_lcd.o
 .text.AT_N5110LCD_init_hw
                0x0000000008004a7e       0x3c Src/N5110_LCD/N5110_lcd.o
 .text.AT_N5110LCD_open
                0x0000000008004aba        0xa Src/N5110_LCD/N5110_lcd.o
                0x0000000008004aba                AT_N5110LCD_open
 .text.AT_N5110LCD_init
                0x0000000008004ac4       0x20 Src/N5110_LCD/N5110_lcd.o
                0x0000000008004ac4                AT_N5110LCD_init
 .text.AT_N5110LCD_update_display
                0x0000000008004ae4       0x28 Src/N5110_LCD/N5110_lcd.o
                0x0000000008004ae4                AT_N5110LCD_update_display
 .text.AT_N5110LCD_get_pixel
                0x0000000008004b0c       0x34 Src/N5110_LCD/N5110_lcd.o
                0x0000000008004b0c                AT_N5110LCD_get_pixel
 .text.AT_N5110LCD_set_pixel
                0x0000000008004b40       0x36 Src/N5110_LCD/N5110_lcd.o
                0x0000000008004b40                AT_N5110LCD_set_pixel
 .text.AT_N5110LCD_clear_pixel
                0x0000000008004b76       0x38 Src/N5110_LCD/N5110_lcd.o
                0x0000000008004b76                AT_N5110LCD_clear_pixel
 .text.AT_N5110LCD_draw_pixel
                0x0000000008004bae       0x10 Src/N5110_LCD/N5110_lcd.o
                0x0000000008004bae                AT_N5110LCD_draw_pixel
 .text.AT_N5110LCD_print_char
                0x0000000008004bbe       0xa8 Src/N5110_LCD/N5110_lcd.o
                0x0000000008004bbe                AT_N5110LCD_print_char
 .text.AT_N5110LCD_print_string
                0x0000000008004c66       0x54 Src/N5110_LCD/N5110_lcd.o
                0x0000000008004c66                AT_N5110LCD_print_string
 *fill*         0x0000000008004cba        0x2 
 .text.MX_DMA_Init
                0x0000000008004cbc       0x38 Src/dma.o
                0x0000000008004cbc                MX_DMA_Init
 .text.MX_ETH_Init
                0x0000000008004cf4       0x80 Src/eth.o
                0x0000000008004cf4                MX_ETH_Init
 .text.HAL_ETH_MspInit
                0x0000000008004d74       0xd0 Src/eth.o
                0x0000000008004d74                HAL_ETH_MspInit
 .text.MX_GPIO_Init
                0x0000000008004e44      0x18c Src/gpio.o
                0x0000000008004e44                MX_GPIO_Init
 .text.GPIO_ResetPin
                0x0000000008004fd0        0xc Src/main.o
                0x0000000008004fd0                GPIO_ResetPin
 .text.GPIO_SetPin
                0x0000000008004fdc        0xc Src/main.o
                0x0000000008004fdc                GPIO_SetPin
 .text.SPI_Transmit
                0x0000000008004fe8       0x14 Src/main.o
                0x0000000008004fe8                SPI_Transmit
 .text.SPI_Transmit_DMA
                0x0000000008004ffc       0x14 Src/main.o
                0x0000000008004ffc                SPI_Transmit_DMA
 .text._Error_Handler
                0x0000000008005010        0x2 Src/main.o
                0x0000000008005010                _Error_Handler
 *fill*         0x0000000008005012        0x2 
 .text.SystemClock_Config
                0x0000000008005014      0x100 Src/main.o
                0x0000000008005014                SystemClock_Config
 .text.main     0x0000000008005114      0x128 Src/main.o
                0x0000000008005114                main
 .text.MX_SPI1_Init
                0x000000000800523c       0x64 Src/spi.o
                0x000000000800523c                MX_SPI1_Init
 .text.HAL_SPI_MspInit
                0x00000000080052a0       0xc0 Src/spi.o
                0x00000000080052a0                HAL_SPI_MspInit
 .text.HAL_MspInit
                0x0000000008005360       0x84 Src/stm32h7xx_hal_msp.o
                0x0000000008005360                HAL_MspInit
 .text.NMI_Handler
                0x00000000080053e4        0x2 Src/stm32h7xx_it.o
                0x00000000080053e4                NMI_Handler
 .text.HardFault_Handler
                0x00000000080053e6        0x2 Src/stm32h7xx_it.o
                0x00000000080053e6                HardFault_Handler
 .text.MemManage_Handler
                0x00000000080053e8        0x2 Src/stm32h7xx_it.o
                0x00000000080053e8                MemManage_Handler
 .text.BusFault_Handler
                0x00000000080053ea        0x2 Src/stm32h7xx_it.o
                0x00000000080053ea                BusFault_Handler
 .text.UsageFault_Handler
                0x00000000080053ec        0x2 Src/stm32h7xx_it.o
                0x00000000080053ec                UsageFault_Handler
 .text.SVC_Handler
                0x00000000080053ee        0x2 Src/stm32h7xx_it.o
                0x00000000080053ee                SVC_Handler
 .text.DebugMon_Handler
                0x00000000080053f0        0x2 Src/stm32h7xx_it.o
                0x00000000080053f0                DebugMon_Handler
 .text.PendSV_Handler
                0x00000000080053f2        0x2 Src/stm32h7xx_it.o
                0x00000000080053f2                PendSV_Handler
 .text.SysTick_Handler
                0x00000000080053f4        0xc Src/stm32h7xx_it.o
                0x00000000080053f4                SysTick_Handler
 .text.DMA1_Stream0_IRQHandler
                0x0000000008005400       0x10 Src/stm32h7xx_it.o
                0x0000000008005400                DMA1_Stream0_IRQHandler
 .text.SPI1_IRQHandler
                0x0000000008005410       0x10 Src/stm32h7xx_it.o
                0x0000000008005410                SPI1_IRQHandler
 .text.SystemInit
                0x0000000008005420       0x68 Src/system_stm32h7xx.o
                0x0000000008005420                SystemInit
 .text.MX_USART3_UART_Init
                0x0000000008005488       0x48 Src/usart.o
                0x0000000008005488                MX_USART3_UART_Init
 .text.HAL_UART_MspInit
                0x00000000080054d0       0x58 Src/usart.o
                0x00000000080054d0                HAL_UART_MspInit
 .text.MX_USB_OTG_FS_PCD_Init
                0x0000000008005528       0x44 Src/usb_otg.o
                0x0000000008005528                MX_USB_OTG_FS_PCD_Init
 .text.HAL_PCD_MspInit
                0x000000000800556c       0x68 Src/usb_otg.o
                0x000000000800556c                HAL_PCD_MspInit
 .text.Reset_Handler
                0x00000000080055d4       0x50 startup/startup_stm32h743xx.o
                0x00000000080055d4                Reset_Handler
 .text.Default_Handler
                0x0000000008005624        0x2 startup/startup_stm32h743xx.o
                0x0000000008005624                RTC_Alarm_IRQHandler
                0x0000000008005624                EXTI2_IRQHandler
                0x0000000008005624                TIM8_CC_IRQHandler
                0x0000000008005624                HRTIM1_Master_IRQHandler
                0x0000000008005624                UART8_IRQHandler
                0x0000000008005624                SPI4_IRQHandler
                0x0000000008005624                TIM1_CC_IRQHandler
                0x0000000008005624                BDMA_Channel6_IRQHandler
                0x0000000008005624                DMA2_Stream5_IRQHandler
                0x0000000008005624                HRTIM1_FLT_IRQHandler
                0x0000000008005624                JPEG_IRQHandler
                0x0000000008005624                DMA1_Stream5_IRQHandler
                0x0000000008005624                BDMA_Channel1_IRQHandler
                0x0000000008005624                HRTIM1_TIMD_IRQHandler
                0x0000000008005624                TAMP_STAMP_IRQHandler
                0x0000000008005624                EXTI3_IRQHandler
                0x0000000008005624                LPTIM4_IRQHandler
                0x0000000008005624                TIM8_TRG_COM_TIM14_IRQHandler
                0x0000000008005624                LPTIM2_IRQHandler
                0x0000000008005624                DFSDM1_FLT1_IRQHandler
                0x0000000008005624                DMAMUX2_OVR_IRQHandler
                0x0000000008005624                TIM8_UP_TIM13_IRQHandler
                0x0000000008005624                I2C3_ER_IRQHandler
                0x0000000008005624                DFSDM1_FLT2_IRQHandler
                0x0000000008005624                MDMA_IRQHandler
                0x0000000008005624                LPTIM3_IRQHandler
                0x0000000008005624                HSEM1_IRQHandler
                0x0000000008005624                EXTI0_IRQHandler
                0x0000000008005624                I2C2_EV_IRQHandler
                0x0000000008005624                DMA1_Stream2_IRQHandler
                0x0000000008005624                FPU_IRQHandler
                0x0000000008005624                OTG_HS_WKUP_IRQHandler
                0x0000000008005624                FDCAN1_IT1_IRQHandler
                0x0000000008005624                LTDC_ER_IRQHandler
                0x0000000008005624                DMA2_Stream2_IRQHandler
                0x0000000008005624                HRTIM1_TIME_IRQHandler
                0x0000000008005624                TIM6_DAC_IRQHandler
                0x0000000008005624                DCMI_IRQHandler
                0x0000000008005624                HRTIM1_TIMC_IRQHandler
                0x0000000008005624                DMA2_Stream3_IRQHandler
                0x0000000008005624                SAI2_IRQHandler
                0x0000000008005624                DFSDM1_FLT3_IRQHandler
                0x0000000008005624                USART6_IRQHandler
                0x0000000008005624                TIM17_IRQHandler
                0x0000000008005624                USART3_IRQHandler
                0x0000000008005624                BDMA_Channel7_IRQHandler
                0x0000000008005624                LPTIM5_IRQHandler
                0x0000000008005624                UART5_IRQHandler
                0x0000000008005624                ADC3_IRQHandler
                0x0000000008005624                DMA2_Stream0_IRQHandler
                0x0000000008005624                TIM4_IRQHandler
                0x0000000008005624                BDMA_Channel2_IRQHandler
                0x0000000008005624                QUADSPI_IRQHandler
                0x0000000008005624                I2C1_EV_IRQHandler
                0x0000000008005624                DMA1_Stream6_IRQHandler
                0x0000000008005624                DMAMUX1_OVR_IRQHandler
                0x0000000008005624                DMA1_Stream1_IRQHandler
                0x0000000008005624                TIM16_IRQHandler
                0x0000000008005624                UART4_IRQHandler
                0x0000000008005624                BDMA_Channel5_IRQHandler
                0x0000000008005624                TIM3_IRQHandler
                0x0000000008005624                RCC_IRQHandler
                0x0000000008005624                TIM8_BRK_TIM12_IRQHandler
                0x0000000008005624                TIM1_TRG_COM_IRQHandler
                0x0000000008005624                Default_Handler
                0x0000000008005624                CEC_IRQHandler
                0x0000000008005624                EXTI15_10_IRQHandler
                0x0000000008005624                BDMA_Channel0_IRQHandler
                0x0000000008005624                ADC_IRQHandler
                0x0000000008005624                DMA1_Stream7_IRQHandler
                0x0000000008005624                HRTIM1_TIMA_IRQHandler
                0x0000000008005624                SPI5_IRQHandler
                0x0000000008005624                TIM7_IRQHandler
                0x0000000008005624                SDMMC1_IRQHandler
                0x0000000008005624                TIM5_IRQHandler
                0x0000000008005624                DMA2_Stream7_IRQHandler
                0x0000000008005624                TIM15_IRQHandler
                0x0000000008005624                PVD_AVD_IRQHandler
                0x0000000008005624                I2C3_EV_IRQHandler
                0x0000000008005624                EXTI9_5_IRQHandler
                0x0000000008005624                RTC_WKUP_IRQHandler
                0x0000000008005624                LTDC_IRQHandler
                0x0000000008005624                SAI3_IRQHandler
                0x0000000008005624                ETH_WKUP_IRQHandler
                0x0000000008005624                SPDIF_RX_IRQHandler
                0x0000000008005624                SPI2_IRQHandler
                0x0000000008005624                OTG_HS_EP1_IN_IRQHandler
                0x0000000008005624                CRS_IRQHandler
                0x0000000008005624                EXTI4_IRQHandler
                0x0000000008005624                RNG_IRQHandler
                0x0000000008005624                HRTIM1_TIMB_IRQHandler
                0x0000000008005624                FDCAN2_IT1_IRQHandler
                0x0000000008005624                ETH_IRQHandler
                0x0000000008005624                TIM1_UP_IRQHandler
                0x0000000008005624                BDMA_Channel4_IRQHandler
                0x0000000008005624                OTG_HS_EP1_OUT_IRQHandler
                0x0000000008005624                WWDG_IRQHandler
                0x0000000008005624                SPI6_IRQHandler
                0x0000000008005624                MDIOS_IRQHandler
                0x0000000008005624                I2C4_EV_IRQHandler
                0x0000000008005624                FDCAN2_IT0_IRQHandler
                0x0000000008005624                LPUART1_IRQHandler
                0x0000000008005624                FDCAN1_IT0_IRQHandler
                0x0000000008005624                TIM2_IRQHandler
                0x0000000008005624                OTG_FS_WKUP_IRQHandler
                0x0000000008005624                OTG_HS_IRQHandler
                0x0000000008005624                DMA2D_IRQHandler
                0x0000000008005624                TIM1_BRK_IRQHandler
                0x0000000008005624                EXTI1_IRQHandler
                0x0000000008005624                SDMMC2_IRQHandler
                0x0000000008005624                OTG_FS_EP1_OUT_IRQHandler
                0x0000000008005624                BDMA_Channel3_IRQHandler
                0x0000000008005624                UART7_IRQHandler
                0x0000000008005624                MDIOS_WKUP_IRQHandler
                0x0000000008005624                USART2_IRQHandler
                0x0000000008005624                DFSDM1_FLT0_IRQHandler
                0x0000000008005624                SAI4_IRQHandler
                0x0000000008005624                I2C2_ER_IRQHandler
                0x0000000008005624                DMA2_Stream1_IRQHandler
                0x0000000008005624                FLASH_IRQHandler
                0x0000000008005624                DMA2_Stream4_IRQHandler
                0x0000000008005624                USART1_IRQHandler
                0x0000000008005624                OTG_FS_IRQHandler
                0x0000000008005624                SPI3_IRQHandler
                0x0000000008005624                WAKEUP_PIN_IRQHandler
                0x0000000008005624                DMA1_Stream4_IRQHandler
                0x0000000008005624                OTG_FS_EP1_IN_IRQHandler
                0x0000000008005624                I2C1_ER_IRQHandler
                0x0000000008005624                FMC_IRQHandler
                0x0000000008005624                FDCAN_CAL_IRQHandler
                0x0000000008005624                SWPMI1_IRQHandler
                0x0000000008005624                COMP1_IRQHandler
                0x0000000008005624                LPTIM1_IRQHandler
                0x0000000008005624                I2C4_ER_IRQHandler
                0x0000000008005624                DMA2_Stream6_IRQHandler
                0x0000000008005624                SAI1_IRQHandler
                0x0000000008005624                DMA1_Stream3_IRQHandler
 *fill*         0x0000000008005626        0x2 
 .text.__libc_init_array
                0x0000000008005628       0x48 /home/selim/.eclipse/com.st.stm32cube.ide.mcu.rcp.product_1.3.0_17665241_linux_gtk_x86_64/plugins/com.st.stm32cube.ide.mcu.externaltools.gnu-tools-for-stm32.7-2018-q2-update.linux64_1.4.0.202007081208/tools/bin/../lib/gcc/arm-none-eabi/7.3.1/../../../../arm-none-eabi/lib/thumb/v7e-m/fpv5/hard/libc_nano.a(lib_a-init.o)
                0x0000000008005628                __libc_init_array
 .text.malloc   0x0000000008005670       0x10 /home/selim/.eclipse/com.st.stm32cube.ide.mcu.rcp.product_1.3.0_17665241_linux_gtk_x86_64/plugins/com.st.stm32cube.ide.mcu.externaltools.gnu-tools-for-stm32.7-2018-q2-update.linux64_1.4.0.202007081208/tools/bin/../lib/gcc/arm-none-eabi/7.3.1/../../../../arm-none-eabi/lib/thumb/v7e-m/fpv5/hard/libc_nano.a(lib_a-malloc.o)
                0x0000000008005670                malloc
 .text.memset   0x0000000008005680       0x10 /home/selim/.eclipse/com.st.stm32cube.ide.mcu.rcp.product_1.3.0_17665241_linux_gtk_x86_64/plugins/com.st.stm32cube.ide.mcu.externaltools.gnu-tools-for-stm32.7-2018-q2-update.linux64_1.4.0.202007081208/tools/bin/../lib/gcc/arm-none-eabi/7.3.1/../../../../arm-none-eabi/lib/thumb/v7e-m/fpv5/hard/libc_nano.a(lib_a-memset.o)
                0x0000000008005680                memset
 .text._malloc_r
                0x0000000008005690       0xb4 /home/selim/.eclipse/com.st.stm32cube.ide.mcu.rcp.product_1.3.0_17665241_linux_gtk_x86_64/plugins/com.st.stm32cube.ide.mcu.externaltools.gnu-tools-for-stm32.7-2018-q2-update.linux64_1.4.0.202007081208/tools/bin/../lib/gcc/arm-none-eabi/7.3.1/../../../../arm-none-eabi/lib/thumb/v7e-m/fpv5/hard/libc_nano.a(lib_a-nano-mallocr.o)
                0x0000000008005690                _malloc_r
 .text._sbrk_r  0x0000000008005744       0x20 /home/selim/.eclipse/com.st.stm32cube.ide.mcu.rcp.product_1.3.0_17665241_linux_gtk_x86_64/plugins/com.st.stm32cube.ide.mcu.externaltools.gnu-tools-for-stm32.7-2018-q2-update.linux64_1.4.0.202007081208/tools/bin/../lib/gcc/arm-none-eabi/7.3.1/../../../../arm-none-eabi/lib/thumb/v7e-m/fpv5/hard/libc_nano.a(lib_a-sbrkr.o)
                0x0000000008005744                _sbrk_r
 .text.__malloc_lock
                0x0000000008005764        0x2 /home/selim/.eclipse/com.st.stm32cube.ide.mcu.rcp.product_1.3.0_17665241_linux_gtk_x86_64/plugins/com.st.stm32cube.ide.mcu.externaltools.gnu-tools-for-stm32.7-2018-q2-update.linux64_1.4.0.202007081208/tools/bin/../lib/gcc/arm-none-eabi/7.3.1/../../../../arm-none-eabi/lib/thumb/v7e-m/fpv5/hard/libc_nano.a(lib_a-mlock.o)
                0x0000000008005764                __malloc_lock
 .text.__malloc_unlock
                0x0000000008005766        0x2 /home/selim/.eclipse/com.st.stm32cube.ide.mcu.rcp.product_1.3.0_17665241_linux_gtk_x86_64/plugins/com.st.stm32cube.ide.mcu.externaltools.gnu-tools-for-stm32.7-2018-q2-update.linux64_1.4.0.202007081208/tools/bin/../lib/gcc/arm-none-eabi/7.3.1/../../../../arm-none-eabi/lib/thumb/v7e-m/fpv5/hard/libc_nano.a(lib_a-mlock.o)
                0x0000000008005766                __malloc_unlock
 .text._sbrk    0x0000000008005768       0x1c /home/selim/.eclipse/com.st.stm32cube.ide.mcu.rcp.product_1.3.0_17665241_linux_gtk_x86_64/plugins/com.st.stm32cube.ide.mcu.externaltools.gnu-tools-for-stm32.7-2018-q2-update.linux64_1.4.0.202007081208/tools/bin/../lib/gcc/arm-none-eabi/7.3.1/../../../../arm-none-eabi/lib/thumb/v7e-m/fpv5/hard/libnosys.a(sbrk.o)
                0x0000000008005768                _sbrk
 *(.glue_7)
 .glue_7        0x0000000008005784        0x0 linker stubs
 *(.glue_7t)
 .glue_7t       0x0000000008005784        0x0 linker stubs
 *(.eh_frame)
 .eh_frame      0x0000000008005784        0x0 /home/selim/.eclipse/com.st.stm32cube.ide.mcu.rcp.product_1.3.0_17665241_linux_gtk_x86_64/plugins/com.st.stm32cube.ide.mcu.externaltools.gnu-tools-for-stm32.7-2018-q2-update.linux64_1.4.0.202007081208/tools/bin/../lib/gcc/arm-none-eabi/7.3.1/thumb/v7e-m/fpv5/hard/crtbegin.o
 *(.init)
 .init          0x0000000008005784        0x4 /home/selim/.eclipse/com.st.stm32cube.ide.mcu.rcp.product_1.3.0_17665241_linux_gtk_x86_64/plugins/com.st.stm32cube.ide.mcu.externaltools.gnu-tools-for-stm32.7-2018-q2-update.linux64_1.4.0.202007081208/tools/bin/../lib/gcc/arm-none-eabi/7.3.1/thumb/v7e-m/fpv5/hard/crti.o
                0x0000000008005784                _init
 .init          0x0000000008005788        0x8 /home/selim/.eclipse/com.st.stm32cube.ide.mcu.rcp.product_1.3.0_17665241_linux_gtk_x86_64/plugins/com.st.stm32cube.ide.mcu.externaltools.gnu-tools-for-stm32.7-2018-q2-update.linux64_1.4.0.202007081208/tools/bin/../lib/gcc/arm-none-eabi/7.3.1/thumb/v7e-m/fpv5/hard/crtn.o
 *(.fini)
 .fini          0x0000000008005790        0x4 /home/selim/.eclipse/com.st.stm32cube.ide.mcu.rcp.product_1.3.0_17665241_linux_gtk_x86_64/plugins/com.st.stm32cube.ide.mcu.externaltools.gnu-tools-for-stm32.7-2018-q2-update.linux64_1.4.0.202007081208/tools/bin/../lib/gcc/arm-none-eabi/7.3.1/thumb/v7e-m/fpv5/hard/crti.o
                0x0000000008005790                _fini
 .fini          0x0000000008005794        0x8 /home/selim/.eclipse/com.st.stm32cube.ide.mcu.rcp.product_1.3.0_17665241_linux_gtk_x86_64/plugins/com.st.stm32cube.ide.mcu.externaltools.gnu-tools-for-stm32.7-2018-q2-update.linux64_1.4.0.202007081208/tools/bin/../lib/gcc/arm-none-eabi/7.3.1/thumb/v7e-m/fpv5/hard/crtn.o
                0x000000000800579c                . = ALIGN (0x4)
                0x000000000800579c                _etext = .

.vfp11_veneer   0x000000000800579c        0x0
 .vfp11_veneer  0x000000000800579c        0x0 linker stubs

.v4_bx          0x000000000800579c        0x0
 .v4_bx         0x000000000800579c        0x0 linker stubs

.iplt           0x000000000800579c        0x0
 .iplt          0x000000000800579c        0x0 /home/selim/.eclipse/com.st.stm32cube.ide.mcu.rcp.product_1.3.0_17665241_linux_gtk_x86_64/plugins/com.st.stm32cube.ide.mcu.externaltools.gnu-tools-for-stm32.7-2018-q2-update.linux64_1.4.0.202007081208/tools/bin/../lib/gcc/arm-none-eabi/7.3.1/thumb/v7e-m/fpv5/hard/crtbegin.o

.rodata         0x000000000800579c     0x242c
                0x000000000800579c                . = ALIGN (0x4)
 *(.rodata)
 *(.rodata*)
 .rodata.flagBitshiftOffset.10997
                0x000000000800579c        0x8 Drivers/STM32H7xx_HAL_Driver/Src/stm32h7xx_hal_dma.o
 .rodata.UARTPrescTable
                0x00000000080057a4       0x18 Drivers/STM32H7xx_HAL_Driver/Src/stm32h7xx_hal_uart.o
 .rodata.FontMenlo32_Table
                0x00000000080057bc     0x23a0 Src/N5110_LCD/fonts/fontMenlo32.o
                0x00000000080057bc                FontMenlo32_Table
 .rodata.MX_ETH_Init.str1.4
                0x0000000008007b5c        0xd Src/eth.o
 *fill*         0x0000000008007b69        0x3 
 .rodata.SystemClock_Config.str1.4
                0x0000000008007b6c        0xe Src/main.o
 *fill*         0x0000000008007b7a        0x2 
 .rodata.main.str1.4
                0x0000000008007b7c        0x7 Src/main.o
 *fill*         0x0000000008007b83        0x1 
 .rodata.MX_SPI1_Init.str1.4
                0x0000000008007b84        0xd Src/spi.o
 *fill*         0x0000000008007b91        0x3 
 .rodata.D1CorePrescTable
                0x0000000008007b94       0x10 Src/system_stm32h7xx.o
                0x0000000008007b94                D1CorePrescTable
 .rodata.MX_USART3_UART_Init.str1.4
                0x0000000008007ba4        0xf Src/usart.o
 *fill*         0x0000000008007bb3        0x1 
 .rodata.MX_USB_OTG_FS_PCD_Init.str1.4
                0x0000000008007bb4       0x14 Src/usb_otg.o
                                         0x11 (size before relaxing)
                0x0000000008007bc8                . = ALIGN (0x4)

.ARM.extab
 *(.ARM.extab* .gnu.linkonce.armextab.*)

.ARM            0x0000000008007bc8        0x8
                0x0000000008007bc8                __exidx_start = .
 *(.ARM.exidx*)
 .ARM.exidx     0x0000000008007bc8        0x8 /home/selim/.eclipse/com.st.stm32cube.ide.mcu.rcp.product_1.3.0_17665241_linux_gtk_x86_64/plugins/com.st.stm32cube.ide.mcu.externaltools.gnu-tools-for-stm32.7-2018-q2-update.linux64_1.4.0.202007081208/tools/bin/../lib/gcc/arm-none-eabi/7.3.1/thumb/v7e-m/fpv5/hard/libgcc.a(_udivmoddi4.o)
                0x0000000008007bd0                __exidx_end = .

.rel.dyn        0x0000000008007bd0        0x0
 .rel.iplt      0x0000000008007bd0        0x0 /home/selim/.eclipse/com.st.stm32cube.ide.mcu.rcp.product_1.3.0_17665241_linux_gtk_x86_64/plugins/com.st.stm32cube.ide.mcu.externaltools.gnu-tools-for-stm32.7-2018-q2-update.linux64_1.4.0.202007081208/tools/bin/../lib/gcc/arm-none-eabi/7.3.1/thumb/v7e-m/fpv5/hard/crtbegin.o

.preinit_array  0x0000000008007bd0        0x0
                0x0000000008007bd0                PROVIDE (__preinit_array_start = .)
 *(.preinit_array*)
                0x0000000008007bd0                PROVIDE (__preinit_array_end = .)

.init_array     0x0000000008007bd0        0x4
                0x0000000008007bd0                PROVIDE (__init_array_start = .)
 *(SORT_BY_NAME(.init_array.*))
 *(.init_array*)
 .init_array    0x0000000008007bd0        0x4 /home/selim/.eclipse/com.st.stm32cube.ide.mcu.rcp.product_1.3.0_17665241_linux_gtk_x86_64/plugins/com.st.stm32cube.ide.mcu.externaltools.gnu-tools-for-stm32.7-2018-q2-update.linux64_1.4.0.202007081208/tools/bin/../lib/gcc/arm-none-eabi/7.3.1/thumb/v7e-m/fpv5/hard/crtbegin.o
                0x0000000008007bd4                PROVIDE (__init_array_end = .)

.fini_array     0x0000000008007bd4        0x4
                [!provide]                        PROVIDE (__fini_array_start = .)
 *(SORT_BY_NAME(.fini_array.*))
 *(.fini_array*)
 .fini_array    0x0000000008007bd4        0x4 /home/selim/.eclipse/com.st.stm32cube.ide.mcu.rcp.product_1.3.0_17665241_linux_gtk_x86_64/plugins/com.st.stm32cube.ide.mcu.externaltools.gnu-tools-for-stm32.7-2018-q2-update.linux64_1.4.0.202007081208/tools/bin/../lib/gcc/arm-none-eabi/7.3.1/thumb/v7e-m/fpv5/hard/crtbegin.o
                [!provide]                        PROVIDE (__fini_array_end = .)
                0x0000000008007bd8                _sidata = LOADADDR (.data)

.data           0x0000000020000000       0x7c load address 0x0000000008007bd8
                0x0000000020000000                . = ALIGN (0x4)
                0x0000000020000000                _sdata = .
 *(.data)
 *(.data*)
 .data.uwTickFreq
                0x0000000020000000        0x1 Drivers/STM32H7xx_HAL_Driver/Src/stm32h7xx_hal.o
 *fill*         0x0000000020000001        0x3 
 .data.uwTickPrio
                0x0000000020000004        0x4 Drivers/STM32H7xx_HAL_Driver/Src/stm32h7xx_hal.o
 .data.FontMenlo32
                0x0000000020000008        0x8 Src/N5110_LCD/fonts/fontMenlo32.o
                0x0000000020000008                FontMenlo32
 .data.SystemCoreClock
                0x0000000020000010        0x4 Src/system_stm32h7xx.o
                0x0000000020000010                SystemCoreClock
 .data.SystemD2Clock
                0x0000000020000014        0x4 Src/system_stm32h7xx.o
                0x0000000020000014                SystemD2Clock
 .data._impure_ptr
                0x0000000020000018        0x4 /home/selim/.eclipse/com.st.stm32cube.ide.mcu.rcp.product_1.3.0_17665241_linux_gtk_x86_64/plugins/com.st.stm32cube.ide.mcu.externaltools.gnu-tools-for-stm32.7-2018-q2-update.linux64_1.4.0.202007081208/tools/bin/../lib/gcc/arm-none-eabi/7.3.1/../../../../arm-none-eabi/lib/thumb/v7e-m/fpv5/hard/libc_nano.a(lib_a-impure.o)
                0x0000000020000018                _impure_ptr
 .data.impure_data
                0x000000002000001c       0x60 /home/selim/.eclipse/com.st.stm32cube.ide.mcu.rcp.product_1.3.0_17665241_linux_gtk_x86_64/plugins/com.st.stm32cube.ide.mcu.externaltools.gnu-tools-for-stm32.7-2018-q2-update.linux64_1.4.0.202007081208/tools/bin/../lib/gcc/arm-none-eabi/7.3.1/../../../../arm-none-eabi/lib/thumb/v7e-m/fpv5/hard/libc_nano.a(lib_a-impure.o)
                0x000000002000007c                . = ALIGN (0x4)
                0x000000002000007c                _edata = .

.igot.plt       0x000000002000007c        0x0 load address 0x0000000008007c54
 .igot.plt      0x000000002000007c        0x0 /home/selim/.eclipse/com.st.stm32cube.ide.mcu.rcp.product_1.3.0_17665241_linux_gtk_x86_64/plugins/com.st.stm32cube.ide.mcu.externaltools.gnu-tools-for-stm32.7-2018-q2-update.linux64_1.4.0.202007081208/tools/bin/../lib/gcc/arm-none-eabi/7.3.1/thumb/v7e-m/fpv5/hard/crtbegin.o

.RxDecripSection
                0x000000002000007c       0x60 load address 0x0000000008007c54
 .RxDecripSection
                0x000000002000007c       0x60 Src/eth.o
                0x000000002000007c                DMARxDscrTab

.TxDecripSection
                0x00000000200000dc       0x60 load address 0x0000000008007cb4
 .TxDecripSection
                0x00000000200000dc       0x60 Src/eth.o
                0x00000000200000dc                DMATxDscrTab
                0x000000002000013c                . = ALIGN (0x4)

.bss            0x000000002000013c      0x650 load address 0x0000000008007d14
                0x000000002000013c                _sbss = .
                0x000000002000013c                __bss_start__ = _sbss
 *(.bss)
 .bss           0x000000002000013c       0x1c /home/selim/.eclipse/com.st.stm32cube.ide.mcu.rcp.product_1.3.0_17665241_linux_gtk_x86_64/plugins/com.st.stm32cube.ide.mcu.externaltools.gnu-tools-for-stm32.7-2018-q2-update.linux64_1.4.0.202007081208/tools/bin/../lib/gcc/arm-none-eabi/7.3.1/thumb/v7e-m/fpv5/hard/crtbegin.o
 *(.bss*)
 .bss.uwTick    0x0000000020000158        0x4 Drivers/STM32H7xx_HAL_Driver/Src/stm32h7xx_hal.o
 .bss.timeBefore.6422
                0x000000002000015c        0x4 Src/N5110_LCD/N5110_lcd.o
 .bss.__malloc_free_list
                0x0000000020000160        0x4 /home/selim/.eclipse/com.st.stm32cube.ide.mcu.rcp.product_1.3.0_17665241_linux_gtk_x86_64/plugins/com.st.stm32cube.ide.mcu.externaltools.gnu-tools-for-stm32.7-2018-q2-update.linux64_1.4.0.202007081208/tools/bin/../lib/gcc/arm-none-eabi/7.3.1/../../../../arm-none-eabi/lib/thumb/v7e-m/fpv5/hard/libc_nano.a(lib_a-nano-mallocr.o)
                0x0000000020000160                __malloc_free_list
 .bss.__malloc_sbrk_start
                0x0000000020000164        0x4 /home/selim/.eclipse/com.st.stm32cube.ide.mcu.rcp.product_1.3.0_17665241_linux_gtk_x86_64/plugins/com.st.stm32cube.ide.mcu.externaltools.gnu-tools-for-stm32.7-2018-q2-update.linux64_1.4.0.202007081208/tools/bin/../lib/gcc/arm-none-eabi/7.3.1/../../../../arm-none-eabi/lib/thumb/v7e-m/fpv5/hard/libc_nano.a(lib_a-nano-mallocr.o)
                0x0000000020000164                __malloc_sbrk_start
 .bss.heap_end.5377
                0x0000000020000168        0x4 /home/selim/.eclipse/com.st.stm32cube.ide.mcu.rcp.product_1.3.0_17665241_linux_gtk_x86_64/plugins/com.st.stm32cube.ide.mcu.externaltools.gnu-tools-for-stm32.7-2018-q2-update.linux64_1.4.0.202007081208/tools/bin/../lib/gcc/arm-none-eabi/7.3.1/../../../../arm-none-eabi/lib/thumb/v7e-m/fpv5/hard/libnosys.a(sbrk.o)
 *(COMMON)
 COMMON         0x000000002000016c       0x9c Src/eth.o
                0x000000002000016c                heth
                0x00000000200001d4                TxConfig
 COMMON         0x0000000020000208      0x100 Src/spi.o
                0x0000000020000208                hspi1
                0x0000000020000290                hdma_spi1_tx
 COMMON         0x0000000020000308       0x80 Src/usart.o
                0x0000000020000308                huart3
 COMMON         0x0000000020000388      0x400 Src/usb_otg.o
                0x0000000020000388                hpcd_USB_OTG_FS
 COMMON         0x0000000020000788        0x4 /home/selim/.eclipse/com.st.stm32cube.ide.mcu.rcp.product_1.3.0_17665241_linux_gtk_x86_64/plugins/com.st.stm32cube.ide.mcu.externaltools.gnu-tools-for-stm32.7-2018-q2-update.linux64_1.4.0.202007081208/tools/bin/../lib/gcc/arm-none-eabi/7.3.1/../../../../arm-none-eabi/lib/thumb/v7e-m/fpv5/hard/libc_nano.a(lib_a-reent.o)
                0x0000000020000788                errno
                0x000000002000078c                . = ALIGN (0x4)
                0x000000002000078c                _ebss = .
                0x000000002000078c                __bss_end__ = _ebss

._user_heap_stack
                0x000000002000078c      0x600 load address 0x0000000008007d14
                0x000000002000078c                . = ALIGN (0x4)
                0x000000002000078c                PROVIDE (end = .)
                [!provide]                        PROVIDE (_end = .)
                0x000000002000098c                . = (. + _Min_Heap_Size)
 *fill*         0x000000002000078c      0x200 
                0x0000000020000d8c                . = (. + _Min_Stack_Size)
 *fill*         0x000000002000098c      0x400 
                0x0000000020000d8c                . = ALIGN (0x4)

/DISCARD/
 libc.a(*)
 libm.a(*)
 libgcc.a(*)

.ARM.attributes
                0x0000000000000000       0x2e
 *(.ARM.attributes)
 .ARM.attributes
                0x0000000000000000       0x20 /home/selim/.eclipse/com.st.stm32cube.ide.mcu.rcp.product_1.3.0_17665241_linux_gtk_x86_64/plugins/com.st.stm32cube.ide.mcu.externaltools.gnu-tools-for-stm32.7-2018-q2-update.linux64_1.4.0.202007081208/tools/bin/../lib/gcc/arm-none-eabi/7.3.1/thumb/v7e-m/fpv5/hard/crti.o
 .ARM.attributes
                0x0000000000000020       0x32 /home/selim/.eclipse/com.st.stm32cube.ide.mcu.rcp.product_1.3.0_17665241_linux_gtk_x86_64/plugins/com.st.stm32cube.ide.mcu.externaltools.gnu-tools-for-stm32.7-2018-q2-update.linux64_1.4.0.202007081208/tools/bin/../lib/gcc/arm-none-eabi/7.3.1/thumb/v7e-m/fpv5/hard/crtbegin.o
 .ARM.attributes
                0x0000000000000052       0x37 Drivers/STM32H7xx_HAL_Driver/Src/stm32h7xx_hal.o
 .ARM.attributes
                0x0000000000000089       0x37 Drivers/STM32H7xx_HAL_Driver/Src/stm32h7xx_hal_cortex.o
 .ARM.attributes
                0x00000000000000c0       0x37 Drivers/STM32H7xx_HAL_Driver/Src/stm32h7xx_hal_dma.o
 .ARM.attributes
                0x00000000000000f7       0x37 Drivers/STM32H7xx_HAL_Driver/Src/stm32h7xx_hal_eth.o
 .ARM.attributes
                0x000000000000012e       0x37 Drivers/STM32H7xx_HAL_Driver/Src/stm32h7xx_hal_gpio.o
 .ARM.attributes
                0x0000000000000165       0x37 Drivers/STM32H7xx_HAL_Driver/Src/stm32h7xx_hal_pcd.o
 .ARM.attributes
                0x000000000000019c       0x37 Drivers/STM32H7xx_HAL_Driver/Src/stm32h7xx_hal_pcd_ex.o
 .ARM.attributes
                0x00000000000001d3       0x37 Drivers/STM32H7xx_HAL_Driver/Src/stm32h7xx_hal_rcc.o
 .ARM.attributes
                0x000000000000020a       0x37 Drivers/STM32H7xx_HAL_Driver/Src/stm32h7xx_hal_rcc_ex.o
 .ARM.attributes
                0x0000000000000241       0x37 Drivers/STM32H7xx_HAL_Driver/Src/stm32h7xx_hal_spi.o
 .ARM.attributes
                0x0000000000000278       0x37 Drivers/STM32H7xx_HAL_Driver/Src/stm32h7xx_hal_uart.o
 .ARM.attributes
                0x00000000000002af       0x37 Drivers/STM32H7xx_HAL_Driver/Src/stm32h7xx_ll_usb.o
 .ARM.attributes
                0x00000000000002e6       0x37 Src/N5110_LCD/N5110_lcd.o
 .ARM.attributes
                0x000000000000031d       0x37 Src/N5110_LCD/fonts/fontMenlo32.o
 .ARM.attributes
                0x0000000000000354       0x37 Src/dma.o
 .ARM.attributes
                0x000000000000038b       0x37 Src/eth.o
 .ARM.attributes
                0x00000000000003c2       0x37 Src/gpio.o
 .ARM.attributes
                0x00000000000003f9       0x37 Src/main.o
 .ARM.attributes
                0x0000000000000430       0x37 Src/spi.o
 .ARM.attributes
                0x0000000000000467       0x37 Src/stm32h7xx_hal_msp.o
 .ARM.attributes
                0x000000000000049e       0x37 Src/stm32h7xx_it.o
 .ARM.attributes
                0x00000000000004d5       0x37 Src/system_stm32h7xx.o
 .ARM.attributes
                0x000000000000050c       0x37 Src/usart.o
 .ARM.attributes
                0x0000000000000543       0x37 Src/usb_otg.o
 .ARM.attributes
                0x000000000000057a       0x21 startup/startup_stm32h743xx.o
 .ARM.attributes
                0x000000000000059b       0x32 /home/selim/.eclipse/com.st.stm32cube.ide.mcu.rcp.product_1.3.0_17665241_linux_gtk_x86_64/plugins/com.st.stm32cube.ide.mcu.externaltools.gnu-tools-for-stm32.7-2018-q2-update.linux64_1.4.0.202007081208/tools/bin/../lib/gcc/arm-none-eabi/7.3.1/../../../../arm-none-eabi/lib/thumb/v7e-m/fpv5/hard/libc_nano.a(lib_a-impure.o)
 .ARM.attributes
                0x00000000000005cd       0x32 /home/selim/.eclipse/com.st.stm32cube.ide.mcu.rcp.product_1.3.0_17665241_linux_gtk_x86_64/plugins/com.st.stm32cube.ide.mcu.externaltools.gnu-tools-for-stm32.7-2018-q2-update.linux64_1.4.0.202007081208/tools/bin/../lib/gcc/arm-none-eabi/7.3.1/../../../../arm-none-eabi/lib/thumb/v7e-m/fpv5/hard/libc_nano.a(lib_a-init.o)
 .ARM.attributes
                0x00000000000005ff       0x32 /home/selim/.eclipse/com.st.stm32cube.ide.mcu.rcp.product_1.3.0_17665241_linux_gtk_x86_64/plugins/com.st.stm32cube.ide.mcu.externaltools.gnu-tools-for-stm32.7-2018-q2-update.linux64_1.4.0.202007081208/tools/bin/../lib/gcc/arm-none-eabi/7.3.1/../../../../arm-none-eabi/lib/thumb/v7e-m/fpv5/hard/libc_nano.a(lib_a-malloc.o)
 .ARM.attributes
                0x0000000000000631       0x32 /home/selim/.eclipse/com.st.stm32cube.ide.mcu.rcp.product_1.3.0_17665241_linux_gtk_x86_64/plugins/com.st.stm32cube.ide.mcu.externaltools.gnu-tools-for-stm32.7-2018-q2-update.linux64_1.4.0.202007081208/tools/bin/../lib/gcc/arm-none-eabi/7.3.1/../../../../arm-none-eabi/lib/thumb/v7e-m/fpv5/hard/libc_nano.a(lib_a-memset.o)
 .ARM.attributes
                0x0000000000000663       0x32 /home/selim/.eclipse/com.st.stm32cube.ide.mcu.rcp.product_1.3.0_17665241_linux_gtk_x86_64/plugins/com.st.stm32cube.ide.mcu.externaltools.gnu-tools-for-stm32.7-2018-q2-update.linux64_1.4.0.202007081208/tools/bin/../lib/gcc/arm-none-eabi/7.3.1/../../../../arm-none-eabi/lib/thumb/v7e-m/fpv5/hard/libc_nano.a(lib_a-nano-mallocr.o)
 .ARM.attributes
                0x0000000000000695       0x32 /home/selim/.eclipse/com.st.stm32cube.ide.mcu.rcp.product_1.3.0_17665241_linux_gtk_x86_64/plugins/com.st.stm32cube.ide.mcu.externaltools.gnu-tools-for-stm32.7-2018-q2-update.linux64_1.4.0.202007081208/tools/bin/../lib/gcc/arm-none-eabi/7.3.1/../../../../arm-none-eabi/lib/thumb/v7e-m/fpv5/hard/libc_nano.a(lib_a-sbrkr.o)
 .ARM.attributes
                0x00000000000006c7       0x32 /home/selim/.eclipse/com.st.stm32cube.ide.mcu.rcp.product_1.3.0_17665241_linux_gtk_x86_64/plugins/com.st.stm32cube.ide.mcu.externaltools.gnu-tools-for-stm32.7-2018-q2-update.linux64_1.4.0.202007081208/tools/bin/../lib/gcc/arm-none-eabi/7.3.1/../../../../arm-none-eabi/lib/thumb/v7e-m/fpv5/hard/libc_nano.a(lib_a-mlock.o)
 .ARM.attributes
                0x00000000000006f9       0x32 /home/selim/.eclipse/com.st.stm32cube.ide.mcu.rcp.product_1.3.0_17665241_linux_gtk_x86_64/plugins/com.st.stm32cube.ide.mcu.externaltools.gnu-tools-for-stm32.7-2018-q2-update.linux64_1.4.0.202007081208/tools/bin/../lib/gcc/arm-none-eabi/7.3.1/../../../../arm-none-eabi/lib/thumb/v7e-m/fpv5/hard/libc_nano.a(lib_a-reent.o)
 .ARM.attributes
                0x000000000000072b       0x20 /home/selim/.eclipse/com.st.stm32cube.ide.mcu.rcp.product_1.3.0_17665241_linux_gtk_x86_64/plugins/com.st.stm32cube.ide.mcu.externaltools.gnu-tools-for-stm32.7-2018-q2-update.linux64_1.4.0.202007081208/tools/bin/../lib/gcc/arm-none-eabi/7.3.1/thumb/v7e-m/fpv5/hard/libgcc.a(_aeabi_uldivmod.o)
 .ARM.attributes
                0x000000000000074b       0x32 /home/selim/.eclipse/com.st.stm32cube.ide.mcu.rcp.product_1.3.0_17665241_linux_gtk_x86_64/plugins/com.st.stm32cube.ide.mcu.externaltools.gnu-tools-for-stm32.7-2018-q2-update.linux64_1.4.0.202007081208/tools/bin/../lib/gcc/arm-none-eabi/7.3.1/thumb/v7e-m/fpv5/hard/libgcc.a(_udivmoddi4.o)
 .ARM.attributes
                0x000000000000077d       0x20 /home/selim/.eclipse/com.st.stm32cube.ide.mcu.rcp.product_1.3.0_17665241_linux_gtk_x86_64/plugins/com.st.stm32cube.ide.mcu.externaltools.gnu-tools-for-stm32.7-2018-q2-update.linux64_1.4.0.202007081208/tools/bin/../lib/gcc/arm-none-eabi/7.3.1/thumb/v7e-m/fpv5/hard/libgcc.a(_dvmd_tls.o)
 .ARM.attributes
                0x000000000000079d       0x32 /home/selim/.eclipse/com.st.stm32cube.ide.mcu.rcp.product_1.3.0_17665241_linux_gtk_x86_64/plugins/com.st.stm32cube.ide.mcu.externaltools.gnu-tools-for-stm32.7-2018-q2-update.linux64_1.4.0.202007081208/tools/bin/../lib/gcc/arm-none-eabi/7.3.1/../../../../arm-none-eabi/lib/thumb/v7e-m/fpv5/hard/libnosys.a(sbrk.o)
 .ARM.attributes
                0x00000000000007cf       0x20 /home/selim/.eclipse/com.st.stm32cube.ide.mcu.rcp.product_1.3.0_17665241_linux_gtk_x86_64/plugins/com.st.stm32cube.ide.mcu.externaltools.gnu-tools-for-stm32.7-2018-q2-update.linux64_1.4.0.202007081208/tools/bin/../lib/gcc/arm-none-eabi/7.3.1/thumb/v7e-m/fpv5/hard/crtn.o
OUTPUT(STM32F743_NUCLEO_Nokia5510_LCD.elf elf32-littlearm)

.debug_info     0x0000000000000000    0x26910
 .debug_info    0x0000000000000000     0x1d39 Drivers/STM32H7xx_HAL_Driver/Src/stm32h7xx_hal.o
 .debug_info    0x0000000000001d39     0x1abd Drivers/STM32H7xx_HAL_Driver/Src/stm32h7xx_hal_cortex.o
 .debug_info    0x00000000000037f6     0x1577 Drivers/STM32H7xx_HAL_Driver/Src/stm32h7xx_hal_dma.o
 .debug_info    0x0000000000004d6d     0x3097 Drivers/STM32H7xx_HAL_Driver/Src/stm32h7xx_hal_eth.o
 .debug_info    0x0000000000007e04     0x1499 Drivers/STM32H7xx_HAL_Driver/Src/stm32h7xx_hal_gpio.o
 .debug_info    0x000000000000929d     0x1e43 Drivers/STM32H7xx_HAL_Driver/Src/stm32h7xx_hal_pcd.o
 .debug_info    0x000000000000b0e0     0x12f4 Drivers/STM32H7xx_HAL_Driver/Src/stm32h7xx_hal_pcd_ex.o
 .debug_info    0x000000000000c3d4     0x1b03 Drivers/STM32H7xx_HAL_Driver/Src/stm32h7xx_hal_rcc.o
 .debug_info    0x000000000000ded7     0x217c Drivers/STM32H7xx_HAL_Driver/Src/stm32h7xx_hal_rcc_ex.o
 .debug_info    0x0000000000010053     0x2154 Drivers/STM32H7xx_HAL_Driver/Src/stm32h7xx_hal_spi.o
 .debug_info    0x00000000000121a7     0x2746 Drivers/STM32H7xx_HAL_Driver/Src/stm32h7xx_hal_uart.o
 .debug_info    0x00000000000148ed     0x1f5b Drivers/STM32H7xx_HAL_Driver/Src/stm32h7xx_ll_usb.o
 .debug_info    0x0000000000016848     0x11f0 Src/N5110_LCD/N5110_lcd.o
 .debug_info    0x0000000000017a38      0x155 Src/N5110_LCD/fonts/fontMenlo32.o
 .debug_info    0x0000000000017b8d     0x10f5 Src/dma.o
 .debug_info    0x0000000000018c82     0x1ec5 Src/eth.o
 .debug_info    0x000000000001ab47     0x104e Src/gpio.o
 .debug_info    0x000000000001bb95     0x3469 Src/main.o
 .debug_info    0x000000000001effe     0x1a99 Src/spi.o
 .debug_info    0x0000000000020a97     0x11aa Src/stm32h7xx_hal_msp.o
 .debug_info    0x0000000000021c41     0x10f9 Src/stm32h7xx_it.o
 .debug_info    0x0000000000022d3a     0x118b Src/system_stm32h7xx.o
 .debug_info    0x0000000000023ec5     0x1596 Src/usart.o
 .debug_info    0x000000000002545b     0x1419 Src/usb_otg.o
 .debug_info    0x0000000000026874       0x9c startup/startup_stm32h743xx.o

.debug_abbrev   0x0000000000000000     0x3f9b
 .debug_abbrev  0x0000000000000000      0x34d Drivers/STM32H7xx_HAL_Driver/Src/stm32h7xx_hal.o
 .debug_abbrev  0x000000000000034d      0x3cf Drivers/STM32H7xx_HAL_Driver/Src/stm32h7xx_hal_cortex.o
 .debug_abbrev  0x000000000000071c      0x2de Drivers/STM32H7xx_HAL_Driver/Src/stm32h7xx_hal_dma.o
 .debug_abbrev  0x00000000000009fa      0x30f Drivers/STM32H7xx_HAL_Driver/Src/stm32h7xx_hal_eth.o
 .debug_abbrev  0x0000000000000d09      0x2b3 Drivers/STM32H7xx_HAL_Driver/Src/stm32h7xx_hal_gpio.o
 .debug_abbrev  0x0000000000000fbc      0x32a Drivers/STM32H7xx_HAL_Driver/Src/stm32h7xx_hal_pcd.o
 .debug_abbrev  0x00000000000012e6      0x2f0 Drivers/STM32H7xx_HAL_Driver/Src/stm32h7xx_hal_pcd_ex.o
 .debug_abbrev  0x00000000000015d6      0x32c Drivers/STM32H7xx_HAL_Driver/Src/stm32h7xx_hal_rcc.o
 .debug_abbrev  0x0000000000001902      0x35b Drivers/STM32H7xx_HAL_Driver/Src/stm32h7xx_hal_rcc_ex.o
 .debug_abbrev  0x0000000000001c5d      0x2d5 Drivers/STM32H7xx_HAL_Driver/Src/stm32h7xx_hal_spi.o
 .debug_abbrev  0x0000000000001f32      0x30f Drivers/STM32H7xx_HAL_Driver/Src/stm32h7xx_hal_uart.o
 .debug_abbrev  0x0000000000002241      0x2e7 Drivers/STM32H7xx_HAL_Driver/Src/stm32h7xx_ll_usb.o
 .debug_abbrev  0x0000000000002528      0x2f7 Src/N5110_LCD/N5110_lcd.o
 .debug_abbrev  0x000000000000281f       0xa2 Src/N5110_LCD/fonts/fontMenlo32.o
 .debug_abbrev  0x00000000000028c1      0x215 Src/dma.o
 .debug_abbrev  0x0000000000002ad6      0x291 Src/eth.o
 .debug_abbrev  0x0000000000002d67      0x219 Src/gpio.o
 .debug_abbrev  0x0000000000002f80      0x2e4 Src/main.o
 .debug_abbrev  0x0000000000003264      0x26b Src/spi.o
 .debug_abbrev  0x00000000000034cf      0x215 Src/stm32h7xx_hal_msp.o
 .debug_abbrev  0x00000000000036e4      0x1e2 Src/stm32h7xx_it.o
 .debug_abbrev  0x00000000000038c6      0x23b Src/system_stm32h7xx.o
 .debug_abbrev  0x0000000000003b01      0x246 Src/usart.o
 .debug_abbrev  0x0000000000003d47      0x242 Src/usb_otg.o
 .debug_abbrev  0x0000000000003f89       0x12 startup/startup_stm32h743xx.o

.debug_loc      0x0000000000000000     0xb47c
 .debug_loc     0x0000000000000000      0x426 Drivers/STM32H7xx_HAL_Driver/Src/stm32h7xx_hal.o
 .debug_loc     0x0000000000000426      0x5f4 Drivers/STM32H7xx_HAL_Driver/Src/stm32h7xx_hal_cortex.o
 .debug_loc     0x0000000000000a1a      0xf28 Drivers/STM32H7xx_HAL_Driver/Src/stm32h7xx_hal_dma.o
 .debug_loc     0x0000000000001942     0x1982 Drivers/STM32H7xx_HAL_Driver/Src/stm32h7xx_hal_eth.o
 .debug_loc     0x00000000000032c4      0x3de Drivers/STM32H7xx_HAL_Driver/Src/stm32h7xx_hal_gpio.o
 .debug_loc     0x00000000000036a2      0xdac Drivers/STM32H7xx_HAL_Driver/Src/stm32h7xx_hal_pcd.o
 .debug_loc     0x000000000000444e      0x18d Drivers/STM32H7xx_HAL_Driver/Src/stm32h7xx_hal_pcd_ex.o
 .debug_loc     0x00000000000045db      0x739 Drivers/STM32H7xx_HAL_Driver/Src/stm32h7xx_hal_rcc.o
 .debug_loc     0x0000000000004d14     0x16c3 Drivers/STM32H7xx_HAL_Driver/Src/stm32h7xx_hal_rcc_ex.o
 .debug_loc     0x00000000000063d7     0x1579 Drivers/STM32H7xx_HAL_Driver/Src/stm32h7xx_hal_spi.o
 .debug_loc     0x0000000000007950     0x196e Drivers/STM32H7xx_HAL_Driver/Src/stm32h7xx_hal_uart.o
 .debug_loc     0x00000000000092be     0x13d8 Drivers/STM32H7xx_HAL_Driver/Src/stm32h7xx_ll_usb.o
 .debug_loc     0x000000000000a696      0x885 Src/N5110_LCD/N5110_lcd.o
 .debug_loc     0x000000000000af1b       0x5b Src/eth.o
 .debug_loc     0x000000000000af76      0x1dc Src/main.o
 .debug_loc     0x000000000000b152       0x4a Src/spi.o
 .debug_loc     0x000000000000b19c      0x22a Src/system_stm32h7xx.o
 .debug_loc     0x000000000000b3c6       0x5b Src/usart.o
 .debug_loc     0x000000000000b421       0x5b Src/usb_otg.o

.debug_aranges  0x0000000000000000     0x1000
 .debug_aranges
                0x0000000000000000      0x1a0 Drivers/STM32H7xx_HAL_Driver/Src/stm32h7xx_hal.o
 .debug_aranges
                0x00000000000001a0       0xb0 Drivers/STM32H7xx_HAL_Driver/Src/stm32h7xx_hal_cortex.o
 .debug_aranges
                0x0000000000000250       0xa0 Drivers/STM32H7xx_HAL_Driver/Src/stm32h7xx_hal_dma.o
 .debug_aranges
                0x00000000000002f0      0x1b0 Drivers/STM32H7xx_HAL_Driver/Src/stm32h7xx_hal_eth.o
 .debug_aranges
                0x00000000000004a0       0x58 Drivers/STM32H7xx_HAL_Driver/Src/stm32h7xx_hal_gpio.o
 .debug_aranges
                0x00000000000004f8      0x120 Drivers/STM32H7xx_HAL_Driver/Src/stm32h7xx_hal_pcd.o
 .debug_aranges
                0x0000000000000618       0x60 Drivers/STM32H7xx_HAL_Driver/Src/stm32h7xx_hal_pcd_ex.o
 .debug_aranges
                0x0000000000000678       0x80 Drivers/STM32H7xx_HAL_Driver/Src/stm32h7xx_hal_rcc.o
 .debug_aranges
                0x00000000000006f8       0xe0 Drivers/STM32H7xx_HAL_Driver/Src/stm32h7xx_hal_rcc_ex.o
 .debug_aranges
                0x00000000000007d8      0x1d0 Drivers/STM32H7xx_HAL_Driver/Src/stm32h7xx_hal_spi.o
 .debug_aranges
                0x00000000000009a8      0x1e8 Drivers/STM32H7xx_HAL_Driver/Src/stm32h7xx_hal_uart.o
 .debug_aranges
                0x0000000000000b90      0x180 Drivers/STM32H7xx_HAL_Driver/Src/stm32h7xx_ll_usb.o
 .debug_aranges
                0x0000000000000d10       0xa8 Src/N5110_LCD/N5110_lcd.o
 .debug_aranges
                0x0000000000000db8       0x18 Src/N5110_LCD/fonts/fontMenlo32.o
 .debug_aranges
                0x0000000000000dd0       0x20 Src/dma.o
 .debug_aranges
                0x0000000000000df0       0x30 Src/eth.o
 .debug_aranges
                0x0000000000000e20       0x20 Src/gpio.o
 .debug_aranges
                0x0000000000000e40       0x50 Src/main.o
 .debug_aranges
                0x0000000000000e90       0x30 Src/spi.o
 .debug_aranges
                0x0000000000000ec0       0x20 Src/stm32h7xx_hal_msp.o
 .debug_aranges
                0x0000000000000ee0       0x70 Src/stm32h7xx_it.o
 .debug_aranges
                0x0000000000000f50       0x28 Src/system_stm32h7xx.o
 .debug_aranges
                0x0000000000000f78       0x30 Src/usart.o
 .debug_aranges
                0x0000000000000fa8       0x30 Src/usb_otg.o
 .debug_aranges
                0x0000000000000fd8       0x28 startup/startup_stm32h743xx.o

.debug_ranges   0x0000000000000000      0xf38
 .debug_ranges  0x0000000000000000      0x190 Drivers/STM32H7xx_HAL_Driver/Src/stm32h7xx_hal.o
 .debug_ranges  0x0000000000000190      0x100 Drivers/STM32H7xx_HAL_Driver/Src/stm32h7xx_hal_cortex.o
 .debug_ranges  0x0000000000000290       0x90 Drivers/STM32H7xx_HAL_Driver/Src/stm32h7xx_hal_dma.o
 .debug_ranges  0x0000000000000320      0x1a0 Drivers/STM32H7xx_HAL_Driver/Src/stm32h7xx_hal_eth.o
 .debug_ranges  0x00000000000004c0       0x48 Drivers/STM32H7xx_HAL_Driver/Src/stm32h7xx_hal_gpio.o
 .debug_ranges  0x0000000000000508      0x110 Drivers/STM32H7xx_HAL_Driver/Src/stm32h7xx_hal_pcd.o
 .debug_ranges  0x0000000000000618       0x50 Drivers/STM32H7xx_HAL_Driver/Src/stm32h7xx_hal_pcd_ex.o
 .debug_ranges  0x0000000000000668       0x70 Drivers/STM32H7xx_HAL_Driver/Src/stm32h7xx_hal_rcc.o
 .debug_ranges  0x00000000000006d8       0xd0 Drivers/STM32H7xx_HAL_Driver/Src/stm32h7xx_hal_rcc_ex.o
 .debug_ranges  0x00000000000007a8      0x1c0 Drivers/STM32H7xx_HAL_Driver/Src/stm32h7xx_hal_spi.o
 .debug_ranges  0x0000000000000968      0x1d8 Drivers/STM32H7xx_HAL_Driver/Src/stm32h7xx_hal_uart.o
 .debug_ranges  0x0000000000000b40      0x170 Drivers/STM32H7xx_HAL_Driver/Src/stm32h7xx_ll_usb.o
 .debug_ranges  0x0000000000000cb0      0x100 Src/N5110_LCD/N5110_lcd.o
 .debug_ranges  0x0000000000000db0       0x10 Src/dma.o
 .debug_ranges  0x0000000000000dc0       0x20 Src/eth.o
 .debug_ranges  0x0000000000000de0       0x10 Src/gpio.o
 .debug_ranges  0x0000000000000df0       0x40 Src/main.o
 .debug_ranges  0x0000000000000e30       0x20 Src/spi.o
 .debug_ranges  0x0000000000000e50       0x10 Src/stm32h7xx_hal_msp.o
 .debug_ranges  0x0000000000000e60       0x60 Src/stm32h7xx_it.o
 .debug_ranges  0x0000000000000ec0       0x18 Src/system_stm32h7xx.o
 .debug_ranges  0x0000000000000ed8       0x20 Src/usart.o
 .debug_ranges  0x0000000000000ef8       0x20 Src/usb_otg.o
 .debug_ranges  0x0000000000000f18       0x20 startup/startup_stm32h743xx.o

.debug_line     0x0000000000000000     0x8d7e
 .debug_line    0x0000000000000000      0x66d Drivers/STM32H7xx_HAL_Driver/Src/stm32h7xx_hal.o
 .debug_line    0x000000000000066d      0x4de Drivers/STM32H7xx_HAL_Driver/Src/stm32h7xx_hal_cortex.o
 .debug_line    0x0000000000000b4b      0x812 Drivers/STM32H7xx_HAL_Driver/Src/stm32h7xx_hal_dma.o
 .debug_line    0x000000000000135d      0xb9b Drivers/STM32H7xx_HAL_Driver/Src/stm32h7xx_hal_eth.o
 .debug_line    0x0000000000001ef8      0x432 Drivers/STM32H7xx_HAL_Driver/Src/stm32h7xx_hal_gpio.o
 .debug_line    0x000000000000232a      0x7e6 Drivers/STM32H7xx_HAL_Driver/Src/stm32h7xx_hal_pcd.o
 .debug_line    0x0000000000002b10      0x3cb Drivers/STM32H7xx_HAL_Driver/Src/stm32h7xx_hal_pcd_ex.o
 .debug_line    0x0000000000002edb      0x6cc Drivers/STM32H7xx_HAL_Driver/Src/stm32h7xx_hal_rcc.o
 .debug_line    0x00000000000035a7      0x9e7 Drivers/STM32H7xx_HAL_Driver/Src/stm32h7xx_hal_rcc_ex.o
 .debug_line    0x0000000000003f8e      0xd08 Drivers/STM32H7xx_HAL_Driver/Src/stm32h7xx_hal_spi.o
 .debug_line    0x0000000000004c96      0xf51 Drivers/STM32H7xx_HAL_Driver/Src/stm32h7xx_hal_uart.o
 .debug_line    0x0000000000005be7      0x8c7 Drivers/STM32H7xx_HAL_Driver/Src/stm32h7xx_ll_usb.o
 .debug_line    0x00000000000064ae      0x830 Src/N5110_LCD/N5110_lcd.o
 .debug_line    0x0000000000006cde      0x11f Src/N5110_LCD/fonts/fontMenlo32.o
 .debug_line    0x0000000000006dfd      0x26c Src/dma.o
 .debug_line    0x0000000000007069      0x313 Src/eth.o
 .debug_line    0x000000000000737c      0x294 Src/gpio.o
 .debug_line    0x0000000000007610      0x4f6 Src/main.o
 .debug_line    0x0000000000007b06      0x341 Src/spi.o
 .debug_line    0x0000000000007e47      0x280 Src/stm32h7xx_hal_msp.o
 .debug_line    0x00000000000080c7      0x36e Src/stm32h7xx_it.o
 .debug_line    0x0000000000008435      0x2cb Src/system_stm32h7xx.o
 .debug_line    0x0000000000008700      0x2e9 Src/usart.o
 .debug_line    0x00000000000089e9      0x316 Src/usb_otg.o
 .debug_line    0x0000000000008cff       0x7f startup/startup_stm32h743xx.o

.debug_str      0x0000000000000000     0xda35
 .debug_str     0x0000000000000000     0x17e3 Drivers/STM32H7xx_HAL_Driver/Src/stm32h7xx_hal.o
                                       0x1963 (size before relaxing)
 .debug_str     0x00000000000017e3      0x549 Drivers/STM32H7xx_HAL_Driver/Src/stm32h7xx_hal_cortex.o
                                       0x14ee (size before relaxing)
 .debug_str     0x0000000000001d2c      0x6a5 Drivers/STM32H7xx_HAL_Driver/Src/stm32h7xx_hal_dma.o
                                        0xde1 (size before relaxing)
 .debug_str     0x00000000000023d1     0x13ea Drivers/STM32H7xx_HAL_Driver/Src/stm32h7xx_hal_eth.o
                                       0x1e69 (size before relaxing)
 .debug_str     0x00000000000037bb      0x188 Drivers/STM32H7xx_HAL_Driver/Src/stm32h7xx_hal_gpio.o
                                        0xb99 (size before relaxing)
 .debug_str     0x0000000000003943      0xaa6 Drivers/STM32H7xx_HAL_Driver/Src/stm32h7xx_hal_pcd.o
                                       0x11c2 (size before relaxing)
 .debug_str     0x00000000000043e9      0x199 Drivers/STM32H7xx_HAL_Driver/Src/stm32h7xx_hal_pcd_ex.o
                                        0xd5e (size before relaxing)
 .debug_str     0x0000000000004582      0x49d Drivers/STM32H7xx_HAL_Driver/Src/stm32h7xx_hal_rcc.o
                                        0xe3f (size before relaxing)
 .debug_str     0x0000000000004a1f      0x89a Drivers/STM32H7xx_HAL_Driver/Src/stm32h7xx_hal_rcc_ex.o
                                       0x1277 (size before relaxing)
 .debug_str     0x00000000000052b9      0x7df Drivers/STM32H7xx_HAL_Driver/Src/stm32h7xx_hal_spi.o
                                       0x1258 (size before relaxing)
 .debug_str     0x0000000000005a98      0x93b Drivers/STM32H7xx_HAL_Driver/Src/stm32h7xx_hal_uart.o
                                       0x177c (size before relaxing)
 .debug_str     0x00000000000063d3      0x3c9 Drivers/STM32H7xx_HAL_Driver/Src/stm32h7xx_ll_usb.o
                                       0x10a0 (size before relaxing)
 .debug_str     0x000000000000679c     0x6f97 Src/N5110_LCD/N5110_lcd.o
                                       0x760c (size before relaxing)
 .debug_str     0x000000000000d733       0x37 Src/N5110_LCD/fonts/fontMenlo32.o
                                        0x253 (size before relaxing)
 .debug_str     0x000000000000d76a       0x19 Src/dma.o
                                       0x10e9 (size before relaxing)
 .debug_str     0x000000000000d783       0x54 Src/eth.o
                                       0x12ed (size before relaxing)
 .debug_str     0x000000000000d7d7       0x1b Src/gpio.o
                                        0x95f (size before relaxing)
 .debug_str     0x000000000000d7f2       0xc6 Src/main.o
                                       0x2b26 (size before relaxing)
 .debug_str     0x000000000000d8b8       0x24 Src/spi.o
                                       0x1812 (size before relaxing)
 .debug_str     0x000000000000d8dc       0x1b Src/stm32h7xx_hal_msp.o
                                       0x1101 (size before relaxing)
 .debug_str     0x000000000000d8f7       0xce Src/stm32h7xx_it.o
                                        0xd7c (size before relaxing)
 .debug_str     0x000000000000d9c5       0x3b Src/system_stm32h7xx.o
                                        0xa20 (size before relaxing)
 .debug_str     0x000000000000da00       0x1a Src/usart.o
                                        0xf69 (size before relaxing)
 .debug_str     0x000000000000da1a       0x1b Src/usb_otg.o
                                        0xd8f (size before relaxing)

.comment        0x0000000000000000       0xf7
 .comment       0x0000000000000000       0x7c Drivers/STM32H7xx_HAL_Driver/Src/stm32h7xx_hal.o
                                         0x7d (size before relaxing)
 .comment       0x000000000000007c       0x7d Drivers/STM32H7xx_HAL_Driver/Src/stm32h7xx_hal_cortex.o
 .comment       0x000000000000007c       0x7d Drivers/STM32H7xx_HAL_Driver/Src/stm32h7xx_hal_dma.o
 .comment       0x000000000000007c       0x7d Drivers/STM32H7xx_HAL_Driver/Src/stm32h7xx_hal_eth.o
 .comment       0x000000000000007c       0x7d Drivers/STM32H7xx_HAL_Driver/Src/stm32h7xx_hal_gpio.o
 .comment       0x000000000000007c       0x7d Drivers/STM32H7xx_HAL_Driver/Src/stm32h7xx_hal_pcd.o
 .comment       0x000000000000007c       0x7d Drivers/STM32H7xx_HAL_Driver/Src/stm32h7xx_hal_pcd_ex.o
 .comment       0x000000000000007c       0x7d Drivers/STM32H7xx_HAL_Driver/Src/stm32h7xx_hal_rcc.o
 .comment       0x000000000000007c       0x7d Drivers/STM32H7xx_HAL_Driver/Src/stm32h7xx_hal_rcc_ex.o
 .comment       0x000000000000007c       0x7d Drivers/STM32H7xx_HAL_Driver/Src/stm32h7xx_hal_spi.o
 .comment       0x000000000000007c       0x7d Drivers/STM32H7xx_HAL_Driver/Src/stm32h7xx_hal_uart.o
 .comment       0x000000000000007c       0x7d Drivers/STM32H7xx_HAL_Driver/Src/stm32h7xx_ll_usb.o
 .comment       0x000000000000007c       0x7b Src/N5110_LCD/N5110_lcd.o
                                         0x7c (size before relaxing)
 .comment       0x00000000000000f7       0x7d Src/N5110_LCD/fonts/fontMenlo32.o
 .comment       0x00000000000000f7       0x7d Src/dma.o
 .comment       0x00000000000000f7       0x7d Src/eth.o
 .comment       0x00000000000000f7       0x7d Src/gpio.o
 .comment       0x00000000000000f7       0x7d Src/main.o
 .comment       0x00000000000000f7       0x7d Src/spi.o
 .comment       0x00000000000000f7       0x7d Src/stm32h7xx_hal_msp.o
 .comment       0x00000000000000f7       0x7d Src/stm32h7xx_it.o
 .comment       0x00000000000000f7       0x7d Src/system_stm32h7xx.o
 .comment       0x00000000000000f7       0x7d Src/usart.o
 .comment       0x00000000000000f7       0x7d Src/usb_otg.o

.debug_frame    0x0000000000000000     0x2ad8
 .debug_frame   0x0000000000000000      0x3a4 Drivers/STM32H7xx_HAL_Driver/Src/stm32h7xx_hal.o
 .debug_frame   0x00000000000003a4      0x16c Drivers/STM32H7xx_HAL_Driver/Src/stm32h7xx_hal_cortex.o
 .debug_frame   0x0000000000000510      0x1f0 Drivers/STM32H7xx_HAL_Driver/Src/stm32h7xx_hal_dma.o
 .debug_frame   0x0000000000000700      0x4cc Drivers/STM32H7xx_HAL_Driver/Src/stm32h7xx_hal_eth.o
 .debug_frame   0x0000000000000bcc       0xd0 Drivers/STM32H7xx_HAL_Driver/Src/stm32h7xx_hal_gpio.o
 .debug_frame   0x0000000000000c9c      0x2f0 Drivers/STM32H7xx_HAL_Driver/Src/stm32h7xx_hal_pcd.o
 .debug_frame   0x0000000000000f8c       0xb8 Drivers/STM32H7xx_HAL_Driver/Src/stm32h7xx_hal_pcd_ex.o
 .debug_frame   0x0000000000001044      0x14c Drivers/STM32H7xx_HAL_Driver/Src/stm32h7xx_hal_rcc.o
 .debug_frame   0x0000000000001190      0x25c Drivers/STM32H7xx_HAL_Driver/Src/stm32h7xx_hal_rcc_ex.o
 .debug_frame   0x00000000000013ec      0x4f0 Drivers/STM32H7xx_HAL_Driver/Src/stm32h7xx_hal_spi.o
 .debug_frame   0x00000000000018dc      0x568 Drivers/STM32H7xx_HAL_Driver/Src/stm32h7xx_hal_uart.o
 .debug_frame   0x0000000000001e44      0x490 Drivers/STM32H7xx_HAL_Driver/Src/stm32h7xx_ll_usb.o
 .debug_frame   0x00000000000022d4      0x214 Src/N5110_LCD/N5110_lcd.o
 .debug_frame   0x00000000000024e8       0x2c Src/dma.o
 .debug_frame   0x0000000000002514       0x6c Src/eth.o
 .debug_frame   0x0000000000002580       0x3c Src/gpio.o
 .debug_frame   0x00000000000025bc       0xc4 Src/main.o
 .debug_frame   0x0000000000002680       0x68 Src/spi.o
 .debug_frame   0x00000000000026e8       0x2c Src/stm32h7xx_hal_msp.o
 .debug_frame   0x0000000000002714       0xd8 Src/stm32h7xx_it.o
 .debug_frame   0x00000000000027ec       0x50 Src/system_stm32h7xx.o
 .debug_frame   0x000000000000283c       0x5c Src/usart.o
 .debug_frame   0x0000000000002898       0x60 Src/usb_otg.o
 .debug_frame   0x00000000000028f8       0x2c /home/selim/.eclipse/com.st.stm32cube.ide.mcu.rcp.product_1.3.0_17665241_linux_gtk_x86_64/plugins/com.st.stm32cube.ide.mcu.externaltools.gnu-tools-for-stm32.7-2018-q2-update.linux64_1.4.0.202007081208/tools/bin/../lib/gcc/arm-none-eabi/7.3.1/../../../../arm-none-eabi/lib/thumb/v7e-m/fpv5/hard/libc_nano.a(lib_a-init.o)
 .debug_frame   0x0000000000002924       0x30 /home/selim/.eclipse/com.st.stm32cube.ide.mcu.rcp.product_1.3.0_17665241_linux_gtk_x86_64/plugins/com.st.stm32cube.ide.mcu.externaltools.gnu-tools-for-stm32.7-2018-q2-update.linux64_1.4.0.202007081208/tools/bin/../lib/gcc/arm-none-eabi/7.3.1/../../../../arm-none-eabi/lib/thumb/v7e-m/fpv5/hard/libc_nano.a(lib_a-malloc.o)
 .debug_frame   0x0000000000002954       0x20 /home/selim/.eclipse/com.st.stm32cube.ide.mcu.rcp.product_1.3.0_17665241_linux_gtk_x86_64/plugins/com.st.stm32cube.ide.mcu.externaltools.gnu-tools-for-stm32.7-2018-q2-update.linux64_1.4.0.202007081208/tools/bin/../lib/gcc/arm-none-eabi/7.3.1/../../../../arm-none-eabi/lib/thumb/v7e-m/fpv5/hard/libc_nano.a(lib_a-memset.o)
 .debug_frame   0x0000000000002974       0x2c /home/selim/.eclipse/com.st.stm32cube.ide.mcu.rcp.product_1.3.0_17665241_linux_gtk_x86_64/plugins/com.st.stm32cube.ide.mcu.externaltools.gnu-tools-for-stm32.7-2018-q2-update.linux64_1.4.0.202007081208/tools/bin/../lib/gcc/arm-none-eabi/7.3.1/../../../../arm-none-eabi/lib/thumb/v7e-m/fpv5/hard/libc_nano.a(lib_a-nano-mallocr.o)
 .debug_frame   0x00000000000029a0       0x2c /home/selim/.eclipse/com.st.stm32cube.ide.mcu.rcp.product_1.3.0_17665241_linux_gtk_x86_64/plugins/com.st.stm32cube.ide.mcu.externaltools.gnu-tools-for-stm32.7-2018-q2-update.linux64_1.4.0.202007081208/tools/bin/../lib/gcc/arm-none-eabi/7.3.1/../../../../arm-none-eabi/lib/thumb/v7e-m/fpv5/hard/libc_nano.a(lib_a-sbrkr.o)
 .debug_frame   0x00000000000029cc       0x30 /home/selim/.eclipse/com.st.stm32cube.ide.mcu.rcp.product_1.3.0_17665241_linux_gtk_x86_64/plugins/com.st.stm32cube.ide.mcu.externaltools.gnu-tools-for-stm32.7-2018-q2-update.linux64_1.4.0.202007081208/tools/bin/../lib/gcc/arm-none-eabi/7.3.1/../../../../arm-none-eabi/lib/thumb/v7e-m/fpv5/hard/libc_nano.a(lib_a-mlock.o)
 .debug_frame   0x00000000000029fc       0x5c /home/selim/.eclipse/com.st.stm32cube.ide.mcu.rcp.product_1.3.0_17665241_linux_gtk_x86_64/plugins/com.st.stm32cube.ide.mcu.externaltools.gnu-tools-for-stm32.7-2018-q2-update.linux64_1.4.0.202007081208/tools/bin/../lib/gcc/arm-none-eabi/7.3.1/../../../../arm-none-eabi/lib/thumb/v7e-m/fpv5/hard/libc_nano.a(lib_a-reent.o)
 .debug_frame   0x0000000000002a58       0x2c /home/selim/.eclipse/com.st.stm32cube.ide.mcu.rcp.product_1.3.0_17665241_linux_gtk_x86_64/plugins/com.st.stm32cube.ide.mcu.externaltools.gnu-tools-for-stm32.7-2018-q2-update.linux64_1.4.0.202007081208/tools/bin/../lib/gcc/arm-none-eabi/7.3.1/thumb/v7e-m/fpv5/hard/libgcc.a(_aeabi_uldivmod.o)
 .debug_frame   0x0000000000002a84       0x34 /home/selim/.eclipse/com.st.stm32cube.ide.mcu.rcp.product_1.3.0_17665241_linux_gtk_x86_64/plugins/com.st.stm32cube.ide.mcu.externaltools.gnu-tools-for-stm32.7-2018-q2-update.linux64_1.4.0.202007081208/tools/bin/../lib/gcc/arm-none-eabi/7.3.1/thumb/v7e-m/fpv5/hard/libgcc.a(_udivmoddi4.o)
 .debug_frame   0x0000000000002ab8       0x20 /home/selim/.eclipse/com.st.stm32cube.ide.mcu.rcp.product_1.3.0_17665241_linux_gtk_x86_64/plugins/com.st.stm32cube.ide.mcu.externaltools.gnu-tools-for-stm32.7-2018-q2-update.linux64_1.4.0.202007081208/tools/bin/../lib/gcc/arm-none-eabi/7.3.1/../../../../arm-none-eabi/lib/thumb/v7e-m/fpv5/hard/libnosys.a(sbrk.o)

.debug_macro    0x0000000000000000     0x1970
 .debug_macro   0x0000000000000000      0x17a Src/N5110_LCD/N5110_lcd.o
 .debug_macro   0x000000000000017a      0xa6c Src/N5110_LCD/N5110_lcd.o
 .debug_macro   0x0000000000000be6       0x22 Src/N5110_LCD/N5110_lcd.o
 .debug_macro   0x0000000000000c08       0x8e Src/N5110_LCD/N5110_lcd.o
 .debug_macro   0x0000000000000c96       0x51 Src/N5110_LCD/N5110_lcd.o
 .debug_macro   0x0000000000000ce7       0xef Src/N5110_LCD/N5110_lcd.o
 .debug_macro   0x0000000000000dd6       0x6a Src/N5110_LCD/N5110_lcd.o
 .debug_macro   0x0000000000000e40      0x1df Src/N5110_LCD/N5110_lcd.o
 .debug_macro   0x000000000000101f       0x17 Src/N5110_LCD/N5110_lcd.o
 .debug_macro   0x0000000000001036       0x46 Src/N5110_LCD/N5110_lcd.o
 .debug_macro   0x000000000000107c       0x3c Src/N5110_LCD/N5110_lcd.o
 .debug_macro   0x00000000000010b8       0x34 Src/N5110_LCD/N5110_lcd.o
 .debug_macro   0x00000000000010ec       0x16 Src/N5110_LCD/N5110_lcd.o
 .debug_macro   0x0000000000001102      0x10e Src/N5110_LCD/N5110_lcd.o
 .debug_macro   0x0000000000001210       0x8d Src/N5110_LCD/N5110_lcd.o
 .debug_macro   0x000000000000129d       0x52 Src/N5110_LCD/N5110_lcd.o
 .debug_macro   0x00000000000012ef       0x1f Src/N5110_LCD/N5110_lcd.o
 .debug_macro   0x000000000000130e       0x43 Src/N5110_LCD/N5110_lcd.o
 .debug_macro   0x0000000000001351       0x20 Src/N5110_LCD/N5110_lcd.o
 .debug_macro   0x0000000000001371      0x1a3 Src/N5110_LCD/N5110_lcd.o
 .debug_macro   0x0000000000001514      0x330 Src/N5110_LCD/N5110_lcd.o
 .debug_macro   0x0000000000001844       0x16 Src/N5110_LCD/N5110_lcd.o
 .debug_macro   0x000000000000185a       0x29 Src/N5110_LCD/N5110_lcd.o
 .debug_macro   0x0000000000001883       0x16 Src/N5110_LCD/N5110_lcd.o
 .debug_macro   0x0000000000001899       0x35 Src/N5110_LCD/N5110_lcd.o
 .debug_macro   0x00000000000018ce       0x20 Src/N5110_LCD/N5110_lcd.o
 .debug_macro   0x00000000000018ee       0x82 Src/N5110_LCD/N5110_lcd.o
