stm32l0xx_it.c:95:6:NMI_Handler	8	static
stm32l0xx_it.c:108:6:HardFault_Handler	8	static
stm32l0xx_it.c:123:6:SVC_Handler	8	static
stm32l0xx_it.c:136:6:PendSV_Handler	8	static
stm32l0xx_it.c:149:6:SysTick_Handler	8	static
stm32l0xx_it.c:170:6:RTC_IRQHandler	8	static
stm32l0xx_it.c:184:6:EXTI0_1_IRQHandler	8	static
stm32l0xx_it.c:199:6:EXTI4_15_IRQHandler	8	static
stm32l0xx_it.c:214:6:DMA1_Channel2_3_IRQHandler	8	static
stm32l0xx_it.c:230:6:USART1_IRQHandler	8	static
stm32l0xx_it.c:259:6:USART2_IRQHandler	8	static
